// Jest Snapshot v1, https://goo.gl/fbAQLP

exports[`gux-toggle #render should render component as expected (1) 1`] = `"<div class=\\"gux-toggle-container\\" tabindex=\\"0\\" role=\\"checkbox\\" aria-checked=\\"false\\" aria-label=\\"\\"><input type=\\"checkbox\\"><gux-toggle-slider class=\\"hydrated\\"><div class=\\"gux-toggle-slider\\" role=\\"presentation\\"><div class=\\"gux-slider\\"></div></div></gux-toggle-slider></div>"`;

exports[`gux-toggle #render should render component as expected (2) 1`] = `"<div class=\\"gux-toggle-container gux-checked\\" tabindex=\\"0\\" role=\\"checkbox\\" aria-checked=\\"true\\" aria-label=\\"\\"><input type=\\"checkbox\\"><gux-toggle-slider class=\\"hydrated\\"><div class=\\"gux-toggle-slider\\" role=\\"presentation\\"><div class=\\"gux-slider gux-checked\\"></div></div></gux-toggle-slider></div>"`;

exports[`gux-toggle #render should render component as expected (3) 1`] = `"<div class=\\"gux-toggle-container gux-checked\\" tabindex=\\"\\" role=\\"checkbox\\" aria-checked=\\"true\\" aria-label=\\"\\"><input type=\\"checkbox\\" disabled=\\"\\"><gux-toggle-slider class=\\"hydrated\\"><div class=\\"gux-toggle-slider\\" role=\\"presentation\\"><div class=\\"gux-slider gux-checked\\"></div></div></gux-toggle-slider></div>"`;

exports[`gux-toggle #render should render component as expected (4) 1`] = `"<div class=\\"gux-toggle-container\\" tabindex=\\"0\\" role=\\"checkbox\\" aria-checked=\\"false\\" aria-label=\\"Off\\"><input type=\\"checkbox\\"><gux-toggle-slider class=\\"hydrated\\"><div class=\\"gux-toggle-slider\\" role=\\"presentation\\"><div class=\\"gux-slider\\"></div></div></gux-toggle-slider><div class=\\"gux-toggle-label\\">Off</div></div>"`;

exports[`gux-toggle #render should render component as expected (5) 1`] = `"<div class=\\"gux-toggle-container gux-checked\\" tabindex=\\"0\\" role=\\"checkbox\\" aria-checked=\\"true\\" aria-label=\\"on\\"><input type=\\"checkbox\\"><gux-toggle-slider class=\\"hydrated\\"><div class=\\"gux-toggle-slider\\" role=\\"presentation\\"><div class=\\"gux-slider gux-checked\\"></div></div></gux-toggle-slider><div class=\\"gux-toggle-label gux-checked\\">on</div></div>"`;

exports[`gux-toggle #render should render component as expected (6) 1`] = `"<div class=\\"gux-toggle-container gux-toggle-label-left\\" tabindex=\\"0\\" role=\\"checkbox\\" aria-checked=\\"false\\" aria-label=\\"Off\\"><input type=\\"checkbox\\"><gux-toggle-slider class=\\"hydrated\\"><div class=\\"gux-toggle-slider\\" role=\\"presentation\\"><div class=\\"gux-slider\\"></div></div></gux-toggle-slider><div class=\\"gux-toggle-label\\">Off</div></div>"`;

exports[`gux-toggle #render should render component as expected (7) 1`] = `"<div class=\\"gux-toggle-container gux-checked\\" tabindex=\\"0\\" role=\\"checkbox\\" aria-checked=\\"true\\" aria-label=\\"on\\"><input type=\\"checkbox\\"><gux-toggle-slider class=\\"hydrated\\"><div class=\\"gux-toggle-slider\\" role=\\"presentation\\"><div class=\\"gux-slider gux-checked\\"></div></div></gux-toggle-slider><div class=\\"gux-toggle-label gux-checked\\">on</div></div>"`;

exports[`gux-toggle #render should render component as expected (8) 1`] = `"<div class=\\"gux-toggle-container gux-toggle-label-left\\" tabindex=\\"0\\" role=\\"checkbox\\" aria-checked=\\"false\\" aria-label=\\"This is another long label for the toggle to test how it works\\"><input type=\\"checkbox\\"><gux-toggle-slider class=\\"hydrated\\"><div class=\\"gux-toggle-slider\\" role=\\"presentation\\"><div class=\\"gux-slider\\"></div></div></gux-toggle-slider><div class=\\"gux-toggle-label\\">This is another long label for the toggle to test how it works</div></div>"`;

exports[`gux-toggle #render should render component as expected (9) 1`] = `"<div class=\\"gux-toggle-container gux-checked\\" tabindex=\\"0\\" role=\\"checkbox\\" aria-checked=\\"true\\" aria-label=\\"This is a long label for the toggle to test how it works\\"><input type=\\"checkbox\\"><gux-toggle-slider class=\\"hydrated\\"><div class=\\"gux-toggle-slider\\" role=\\"presentation\\"><div class=\\"gux-slider gux-checked\\"></div></div></gux-toggle-slider><div class=\\"gux-toggle-label gux-checked\\">This is a long label for the toggle to test how it works</div></div>"`;
