// Jest Snapshot v1, https://goo.gl/fbAQLP

exports[`gux-action-toast #render should render action toast 1`] = `"<gux-action-toast lang=\\"en\\" accent=\\"neutral\\" class=\\"hydrated\\"> <gux-icon slot=\\"icon\\" icon-name=\\"user-add\\" decorative=\\"\\" class=\\"hydrated\\"><div class=\\"gux-icon-container\\"><svg xmlns=\\"http://www.w3.org/2000/svg\\" viewBox=\\"0 0 16 16\\" aria-hidden=\\"true\\"><path d=\\"M6.00014 8.75C8.21014 8.75 10.0001 6.96 10.0001 4.75C10.0001 2.54 8.21014 0.75 6.00014 0.75C3.79014 0.75 2.00014 2.54 2.00014 4.75C2.00014 6.96 3.79014 8.75 6.00014 8.75ZM6.00014 2.25C7.38014 2.25 8.50014 3.37 8.50014 4.75C8.50014 6.13 7.38014 7.25 6.00014 7.25C4.62014 7.25 3.50014 6.13 3.50014 4.75C3.50014 3.37 4.62014 2.25 6.00014 2.25Z\\"></path><path d=\\"M15.2501 7.5H13.7501V6C13.7501 5.59 13.4101 5.25 13.0001 5.25C12.5901 5.25 12.2501 5.58 12.2501 6V7.5H10.7501C10.3301 7.5 10.0001 7.84 10.0001 8.25C10.0001 8.66 10.3301 9 10.7501 9H12.2501V10.5C12.2501 10.91 12.5901 11.25 13.0001 11.25C13.4101 11.25 13.7501 10.91 13.7501 10.5V9H15.2501C15.6601 9 16.0001 8.66 16.0001 8.25C16.0001 7.84 15.6601 7.5 15.2501 7.5Z\\"></path><path d=\\"M11.2701 12.43C10.8801 10.97 9.55013 9.95 8.03014 9.95H3.97014C2.46014 9.95 1.13014 10.97 0.730136 12.43L0.0301355 15.05C-0.0798645 15.45 0.160135 15.86 0.560135 15.97C0.970135 16.08 1.37014 15.84 1.48014 15.44L2.18014 12.82C2.40014 12.01 3.13014 11.45 3.97014 11.45H8.03014C8.87014 11.45 9.60013 12.01 9.82014 12.82L10.5201 15.44C10.6101 15.77 10.9101 16 11.2401 16C11.3001 16 11.3701 15.99 11.4301 15.97C11.8301 15.86 12.0701 15.45 11.9601 15.05L11.2701 12.43Z\\"></path></svg></div></gux-icon> <div slot=\\"title\\">Title</div> <div slot=\\"message\\">This is the message</div> <gux-button slot=\\"negative-button\\" class=\\"hydrated\\"><!----><button type=\\"button\\" class=\\"gux-secondary\\">Reject</button></gux-button> <gux-button slot=\\"positive-button\\" accent=\\"primary\\" class=\\"hydrated\\"><!----><button type=\\"button\\" class=\\"gux-primary\\">Accept</button></gux-button> </gux-action-toast>"`;
