// Jest Snapshot v1, https://goo.gl/fbAQLP

exports[`gux-time-beta #render should render component as expected (1) 1`] = `"<gux-time-beta format=\\"short\\" hydrated=\\"\\" date=\\"2022-07-07T13:35:30.100Z\\"></gux-time-beta>"`;

exports[`gux-time-beta #render should render component as expected (2) 1`] = `"<gux-time-beta format=\\"medium\\" hydrated=\\"\\" date=\\"2022-07-07T13:35:30.100Z\\"></gux-time-beta>"`;

exports[`gux-time-beta #render should render component as expected (3) 1`] = `"<gux-time-beta format=\\"long\\" hydrated=\\"\\" date=\\"2022-07-07T13:35:30.100Z\\"></gux-time-beta>"`;

exports[`gux-time-beta #render should render component as expected (4) 1`] = `"<gux-time-beta format=\\"full\\" hydrated=\\"\\" date=\\"2022-07-07T13:35:30.100Z\\"></gux-time-beta>"`;
