// Jest Snapshot v1, https://goo.gl/fbAQLP

exports[`gux-link-beta #render should render component as expected (1) 1`] = `"<gux-link-beta href=\\"#\\" link-text=\\"Enabled Link\\" hydrated=\\"\\"></gux-link-beta>"`;

exports[`gux-link-beta #render should render component as expected (2) 1`] = `"<gux-link-beta href=\\"#\\" link-text=\\"Open in new tab\\" target=\\"_blank\\" hydrated=\\"\\"></gux-link-beta>"`;

exports[`gux-link-beta #render should render component as expected (3) 1`] = `"<gux-link-beta href=\\"#\\" link-text=\\"External Link\\" is-external-link=\\"true\\" target=\\"_blank\\" hydrated=\\"\\"></gux-link-beta>"`;

exports[`gux-link-beta #render should render component as expected (4) 1`] = `"<gux-link-beta href=\\"#\\" link-text=\\"Table Cell Link\\" table-cell-link=\\"true\\" hydrated=\\"\\"></gux-link-beta>"`;
