// Jest Snapshot v1, https://goo.gl/fbAQLP

exports[`gux-blank-state renders 1`] = `"<gux-blank-state lang="en" hydrated=""><template shadowrootmode="open"><div class="gux-container"><div class="gux-image"><slot name="image"></slot></div><div class="gux-message"><slot name="primary-message"></slot></div><div class="gux-guidance"><slot name="additional-guidance"></slot></div><gux-button-slot accent="primary" hydrated=""><slot name="call-to-action"></slot></gux-button-slot></div></template> <gux-icon slot="image" icon-name="bot" decorative="true" size="inherit" hydrated=""></gux-icon> <div slot="primary-message">Sorry, something went wrong.</div> <div slot="additional-guidance">Please refresh this page to try again.</div> <button slot="call-to-action" type="button" onclick="notify(event)"> Call to action </button> </gux-blank-state>"`;
