// Jest Snapshot v1, https://goo.gl/fbAQLP

exports[`gux-selector-card #render should render component as expected (1) 1`] = `"<gux-selector-card-beta variant="simple" hydrated=""><template shadowrootmode="open"><div class="gux-selector-card gux-simple"><div class="gux-content"><div class="gux-icon"><slot name="icon"></slot></div><div class="gux-label-container"><slot name="label"></slot></div><slot name="input"></slot><span class="gux-screenreader"><slot name="description"></slot></span></div></div></template> <label slot="label" for="first">First</label> <input slot="input" id="first" type="radio" name="example1"> <gux-icon slot="icon" icon-name="fa/diamond-regular" decorative="" size="inherit" hydrated=""></gux-icon></gux-selector-card-beta>"`;

exports[`gux-selector-card #render should render component as expected (2) 1`] = `"<gux-selector-card-beta variant="descriptive" hydrated=""><template shadowrootmode="open"><div class="gux-selector-card gux-descriptive"><div class="gux-content"><div class="gux-icon"><slot name="icon"></slot></div><div class="gux-label-container"><slot name="label"></slot></div><slot name="input"></slot><div class="gux-description-container"><slot name="description"></slot></div><slot name="badge"></slot></div></div></template> <label slot="label" for="first">First</label> <input slot="input" id="first" type="radio" name="example2"> <span slot="content">A label for a sample selector card. Used in Spark WCL.</span> <gux-badge slot="badge" bold="" hydrated="">Badge</gux-badge> <gux-icon slot="icon" icon-name="fa/diamond-regular" decorative="" size="inherit" hydrated=""></gux-icon></gux-selector-card-beta>"`;

exports[`gux-selector-card #render should render component as expected (3) 1`] = `"<gux-selector-card-beta variant="simple" hydrated=""><template shadowrootmode="open"><div class="gux-selector-card gux-simple"><div class="gux-content"><div class="gux-icon"><slot name="icon"></slot></div><div class="gux-label-container"><slot name="label"></slot></div><slot name="input"></slot><span class="gux-screenreader"><slot name="description"></slot></span></div></div></template> <label slot="label" for="1-C">First</label> <input slot="input" id="1-C" type="checkbox" name="example3"> <gux-icon slot="icon" icon-name="fa/diamond-regular" decorative="" size="inherit" hydrated=""></gux-icon></gux-selector-card-beta>"`;
