// Jest Snapshot v1, https://goo.gl/fbAQLP

exports[`gux-list renders 1`] = `"<gux-list class=\\"hydrated\\"> <gux-list-item value=\\"test1\\" text=\\"first\\" role=\\"listitem\\" class=\\"hydrated\\"></gux-list-item> <gux-list-divider class=\\"hydrated\\"></gux-list-divider> <gux-list-item value=\\"test2\\" text=\\"second\\" disabled=\\"\\" role=\\"listitem\\" class=\\"hydrated\\"></gux-list-item> <gux-list-item value=\\"test3\\" text=\\"third\\" role=\\"listitem\\" class=\\"hydrated\\"></gux-list-item> </gux-list>"`;
