// Jest Snapshot v1, https://goo.gl/fbAQLP

exports[`gux-tabs-advanced #render renders 1`] = `"<gux-tabs-advanced lang=\\"en\\" class=\\"hydrated\\"> <gux-tab-advanced-list slot=\\"tab-list\\" allow-sort=\\"false\\" show-new-tab-button=\\"true\\" class=\\"hydrated\\"><!----><span class=\\"gux-sr-only gux-aria-live-region\\" aria-live=\\"polite\\"></span><div class=\\"gux-tab-container\\"><div class=\\"action-button-container\\"><div class=\\"gux-scroll-button-container\\"><button tabindex=\\"-1\\" title=\\"Scroll Left\\" aria-label=\\"Scroll Left\\" class=\\"gux-scroll-button\\"><gux-icon icon-name=\\"chevron-left\\" class=\\"hydrated\\"></gux-icon></button></div></div><div role=\\"tablist\\" class=\\"gux-scrollable-section\\" aria-owns=\\"gux-1-1-tab gux-1-2-tab gux-1-3-tab gux-1-4-tab gux-1-5-tab gux-1-6-tab gux-1-7-tab gux-1-8-tab gux-1-9-tab\\"> <gux-tab-advanced tab-id=\\"1-1\\" class=\\"hydrated\\"><!----><div class=\\"gux-tab gux-dropdown-options gux-show gux-selected\\" aria-disabled=\\"false\\"><button class=\\"gux-tab-button\\" type=\\"button\\" role=\\"tab\\" aria-selected=\\"true\\" aria-controls=\\"gux-1-1-panel\\" tabindex=\\"0\\" id=\\"gux-1-1-tab\\"><gux-tooltip-title class=\\"hydrated\\"><!----><span class=\\"gux-title-container\\"> <span>Tab Header 1</span> </span></gux-tooltip-title></button><button id=\\"gux-i\\" aria-expanded=\\"false\\" type=\\"button\\" class=\\"gux-tab-options-button\\" tabindex=\\"0\\"><gux-icon icon-name=\\"menu-kebab-vertical\\" screenreader-text=\\"Tab Options for Tab Header 1\\" class=\\"hydrated\\"></gux-icon></button><gux-popover-list hidden=\\"\\" class=\\"hydrated\\"><div class=\\"gux-dropdown-option-container\\"><span slot=\\"dropdown-options\\"> <gux-tab-advanced-option option-id=\\"1\\" icon-name=\\"close\\" onclick=\\"notify(event)\\" class=\\"hydrated\\"><!----><button tabindex=\\"-1\\" class=\\"tab-dropdown-option\\"><gux-icon icon-name=\\"close\\" class=\\"hydrated\\"></gux-icon><span> Close </span></button></gux-tab-advanced-option> </span></div></gux-popover-list></div></gux-tab-advanced> <gux-tab-advanced tab-id=\\"1-2\\" class=\\"hydrated\\"><!----><div class=\\"gux-tab gux-show\\" aria-disabled=\\"false\\"><button class=\\"gux-tab-button\\" type=\\"button\\" role=\\"tab\\" aria-selected=\\"false\\" aria-controls=\\"gux-1-2-panel\\" tabindex=\\"-1\\" id=\\"gux-1-2-tab\\"><gux-tooltip-title class=\\"hydrated\\"><!----><span class=\\"gux-title-container\\"> <gux-icon icon-name=\\"user-directory\\" decorative=\\"true\\" class=\\"hydrated gux-tooltip-icon-decorative\\"></gux-icon> <span>Tab Header 2</span> </span></gux-tooltip-title></button></div></gux-tab-advanced> <gux-tab-advanced gux-disabled=\\"\\" tab-id=\\"1-3\\" class=\\"hydrated\\"><!----><div class=\\"gux-tab gux-disabled gux-show\\" aria-disabled=\\"true\\"><button class=\\"gux-tab-button\\" type=\\"button\\" role=\\"tab\\" aria-selected=\\"false\\" aria-controls=\\"gux-1-3-panel\\" tabindex=\\"-1\\" id=\\"gux-1-3-tab\\"><gux-tooltip-title class=\\"hydrated\\"><!----><span class=\\"gux-title-container\\"> <span>Tab Header 3</span> </span></gux-tooltip-title></button></div></gux-tab-advanced> <gux-tab-advanced tab-id=\\"1-4\\" class=\\"hydrated\\"><!----><div class=\\"gux-tab gux-show\\" aria-disabled=\\"false\\"><button class=\\"gux-tab-button\\" type=\\"button\\" role=\\"tab\\" aria-selected=\\"false\\" aria-controls=\\"gux-1-4-panel\\" tabindex=\\"-1\\" id=\\"gux-1-4-tab\\"><gux-tooltip-title class=\\"hydrated\\"><!----><span class=\\"gux-title-container\\"> <span>Tab Header 4</span> </span></gux-tooltip-title></button></div></gux-tab-advanced> <gux-tab-advanced tab-id=\\"1-5\\" class=\\"hydrated\\"><!----><div class=\\"gux-tab gux-show\\" aria-disabled=\\"false\\"><button class=\\"gux-tab-button\\" type=\\"button\\" role=\\"tab\\" aria-selected=\\"false\\" aria-controls=\\"gux-1-5-panel\\" tabindex=\\"-1\\" id=\\"gux-1-5-tab\\"><gux-tooltip-title class=\\"gux-overflow-hidden hydrated\\" aria-describedby=\\"gux-tooltip-i\\"><!----><span class=\\"gux-title-container\\"> <span>Tab Header 5 long long</span> </span><gux-tooltip class=\\"gux-tooltip-icon-decorative hydrated\\" id=\\"gux-tooltip-i\\" tabindex=\\"0\\" role=\\"tooltip\\" data-popper-placement=\\"bottom-start\\" style=\\"position: fixed; inset: 0px auto auto 0px; margin: 0px; transform: translate(528px, 56px);\\"> Tab Header 5 long long </gux-tooltip></gux-tooltip-title></button></div></gux-tab-advanced> <gux-tab-advanced tab-id=\\"1-6\\" class=\\"hydrated\\"><!----><div class=\\"gux-tab gux-dropdown-options gux-show\\" aria-disabled=\\"false\\"><button class=\\"gux-tab-button\\" type=\\"button\\" role=\\"tab\\" aria-selected=\\"false\\" aria-controls=\\"gux-1-6-panel\\" tabindex=\\"-1\\" id=\\"gux-1-6-tab\\"><gux-tooltip-title class=\\"hydrated\\"><!----><span class=\\"gux-title-container\\"> <gux-icon icon-name=\\"user-directory\\" decorative=\\"true\\" class=\\"hydrated gux-tooltip-icon-decorative\\"></gux-icon> <span>Tab Header 6</span> </span></gux-tooltip-title></button><button id=\\"gux-i\\" aria-expanded=\\"false\\" type=\\"button\\" class=\\"gux-tab-options-button\\" tabindex=\\"-1\\"><gux-icon icon-name=\\"menu-kebab-vertical\\" screenreader-text=\\"Tab Options for Tab Header 6\\" class=\\"hydrated\\"></gux-icon></button><gux-popover-list hidden=\\"\\" class=\\"hydrated\\"><div class=\\"gux-dropdown-option-container\\"><span slot=\\"dropdown-options\\"> <gux-tab-advanced-option option-id=\\"1\\" icon-name=\\"close\\" onclick=\\"notify(event)\\" class=\\"hydrated\\"><!----><button tabindex=\\"-1\\" class=\\"tab-dropdown-option\\"><gux-icon icon-name=\\"close\\" class=\\"hydrated\\"></gux-icon><span> Close </span></button></gux-tab-advanced-option> </span></div></gux-popover-list></div></gux-tab-advanced> <gux-tab-advanced tab-id=\\"1-7\\" class=\\"hydrated\\"><!----><div class=\\"gux-tab gux-dropdown-options gux-show\\" aria-disabled=\\"false\\"><button class=\\"gux-tab-button\\" type=\\"button\\" role=\\"tab\\" aria-selected=\\"false\\" aria-controls=\\"gux-1-7-panel\\" tabindex=\\"-1\\" id=\\"gux-1-7-tab\\"><gux-tooltip-title class=\\"gux-overflow-hidden hydrated\\" aria-describedby=\\"gux-tooltip-i\\"><!----><span class=\\"gux-title-container\\"> <gux-icon icon-name=\\"user-directory\\" decorative=\\"true\\" class=\\"hydrated gux-tooltip-icon-decorative\\"></gux-icon> <span>Tab Header 7 long long long</span> </span><gux-tooltip class=\\"gux-tooltip-icon-decorative hydrated\\" id=\\"gux-tooltip-i\\" tabindex=\\"0\\" role=\\"tooltip\\" data-popper-reference-hidden data-popper-placement=\\"bottom-end\\" style=\\"position: fixed; inset: 0px 0px auto auto; margin: 0px; transform: translate(0px, 56px);\\"> Tab Header 7 long long long </gux-tooltip></gux-tooltip-title></button><button id=\\"gux-i\\" aria-expanded=\\"false\\" type=\\"button\\" class=\\"gux-tab-options-button\\" tabindex=\\"-1\\"><gux-icon icon-name=\\"menu-kebab-vertical\\" screenreader-text=\\"Tab Options for Tab Header 7 long long long\\" class=\\"hydrated\\"></gux-icon></button><gux-popover-list hidden=\\"\\" class=\\"hydrated\\"><div class=\\"gux-dropdown-option-container\\"><span slot=\\"dropdown-options\\"> <gux-tab-advanced-option option-id=\\"1\\" icon-name=\\"close\\" onclick=\\"notify(event)\\" class=\\"hydrated\\"><!----><button tabindex=\\"-1\\" class=\\"tab-dropdown-option\\"><gux-icon icon-name=\\"close\\" class=\\"hydrated\\"></gux-icon><span> Close </span></button></gux-tab-advanced-option> </span></div></gux-popover-list></div></gux-tab-advanced> <gux-tab-advanced tab-id=\\"1-8\\" class=\\"hydrated\\"><!----><div class=\\"gux-tab gux-dropdown-options gux-show\\" aria-disabled=\\"false\\"><button class=\\"gux-tab-button\\" type=\\"button\\" role=\\"tab\\" aria-selected=\\"false\\" aria-controls=\\"gux-1-8-panel\\" tabindex=\\"-1\\" id=\\"gux-1-8-tab\\"><gux-tooltip-title class=\\"gux-overflow-hidden hydrated\\" aria-describedby=\\"gux-tooltip-i\\"><!----><span class=\\"gux-title-container\\"> <span>Tab Header 8 longlonglonglonglonglonglonglonglonglonglonglonglonglonglonglonglonglonglonglonglonglonglonglonglonglonglonglong</span> </span><gux-tooltip class=\\"gux-tooltip-icon-decorative hydrated\\" id=\\"gux-tooltip-i\\" tabindex=\\"0\\" role=\\"tooltip\\" data-popper-reference-hidden data-popper-placement=\\"bottom-end\\" style=\\"position: fixed; inset: 0px 0px auto auto; margin: 0px; transform: translate(106px, 56px);\\"> Tab Header 8 longlonglonglonglonglonglonglonglonglonglonglonglonglonglonglonglonglonglonglonglonglonglonglonglonglonglonglong </gux-tooltip></gux-tooltip-title></button><button id=\\"gux-i\\" aria-expanded=\\"false\\" type=\\"button\\" class=\\"gux-tab-options-button\\" tabindex=\\"-1\\"><gux-icon icon-name=\\"menu-kebab-vertical\\" screenreader-text=\\"Tab Options for Tab Header 8 longlonglonglonglonglonglonglonglonglonglonglonglonglonglonglonglonglonglonglonglonglonglonglonglonglonglonglong\\" class=\\"hydrated\\"></gux-icon></button><gux-popover-list hidden=\\"\\" class=\\"hydrated\\"><div class=\\"gux-dropdown-option-container\\"><span slot=\\"dropdown-options\\"> <gux-tab-advanced-option option-id=\\"1\\" icon-name=\\"close\\" onclick=\\"notify(event)\\" class=\\"hydrated\\"><!----><button tabindex=\\"-1\\" class=\\"tab-dropdown-option\\"><gux-icon icon-name=\\"close\\" class=\\"hydrated\\"></gux-icon><span> Close </span></button></gux-tab-advanced-option> </span></div></gux-popover-list></div></gux-tab-advanced> <gux-tab-advanced gux-disabled=\\"\\" tab-id=\\"1-9\\" class=\\"hydrated\\"><!----><div class=\\"gux-tab gux-disabled gux-show\\" aria-disabled=\\"true\\"><button class=\\"gux-tab-button\\" type=\\"button\\" role=\\"tab\\" aria-selected=\\"false\\" aria-controls=\\"gux-1-9-panel\\" tabindex=\\"-1\\" id=\\"gux-1-9-tab\\"><gux-tooltip-title class=\\"gux-overflow-hidden hydrated\\" aria-describedby=\\"gux-tooltip-i\\"><!----><span class=\\"gux-title-container\\"> <span>Tab Header 9 long long long</span> </span><gux-tooltip class=\\"gux-tooltip-icon-decorative hydrated\\" id=\\"gux-tooltip-i\\" tabindex=\\"0\\" role=\\"tooltip\\" data-popper-reference-hidden data-popper-escaped data-popper-placement=\\"bottom-end\\" style=\\"position: fixed; inset: 0px 0px auto auto; margin: 0px; transform: translate(232px, 56px);\\"> Tab Header 9 long long long </gux-tooltip></gux-tooltip-title></button></div></gux-tab-advanced> </div><div class=\\"new-tab\\"></div><div class=\\"action-button-container\\"><div class=\\"gux-scroll-button-container\\"><button tabindex=\\"-1\\" title=\\"Scroll Right\\" aria-label=\\"Scroll Right\\" class=\\"gux-scroll-button\\"><gux-icon icon-name=\\"chevron-right\\" class=\\"hydrated\\"></gux-icon></button></div><button title=\\"Create New Tab\\" class=\\"add-tab\\"><gux-icon icon-name=\\"add\\" class=\\"hydrated\\"></gux-icon></button></div></div></gux-tab-advanced-list> <gux-tab-advanced-panel tab-id=\\"1-1\\" class=\\"hydrated\\"><!----><div id=\\"gux-1-1-panel\\" role=\\"tabpanel\\" aria-labelledby=\\"gux-1-1-tab\\" tabindex=\\"0\\" aria-live=\\"assertive\\"> <span>Tab content 1</span> </div></gux-tab-advanced-panel> <gux-tab-advanced-panel tab-id=\\"1-2\\" class=\\"hydrated\\"><!----><div id=\\"gux-1-2-panel\\" role=\\"tabpanel\\" aria-labelledby=\\"gux-1-2-tab\\" tabindex=\\"0\\" hidden=\\"\\" aria-live=\\"assertive\\"> <span>Tab content 2</span> </div></gux-tab-advanced-panel> <gux-tab-advanced-panel tab-id=\\"1-3\\" class=\\"hydrated\\"><!----><div id=\\"gux-1-3-panel\\" role=\\"tabpanel\\" aria-labelledby=\\"gux-1-3-tab\\" tabindex=\\"0\\" hidden=\\"\\" aria-live=\\"assertive\\"> <span>Tab content 3</span> </div></gux-tab-advanced-panel> <gux-tab-advanced-panel tab-id=\\"1-4\\" class=\\"hydrated\\"><!----><div id=\\"gux-1-4-panel\\" role=\\"tabpanel\\" aria-labelledby=\\"gux-1-4-tab\\" tabindex=\\"0\\" hidden=\\"\\" aria-live=\\"assertive\\"> <span>Tab content 4</span> </div></gux-tab-advanced-panel> <gux-tab-advanced-panel tab-id=\\"1-5\\" class=\\"hydrated\\"><!----><div id=\\"gux-1-5-panel\\" role=\\"tabpanel\\" aria-labelledby=\\"gux-1-5-tab\\" tabindex=\\"0\\" hidden=\\"\\" aria-live=\\"assertive\\"> <span>Tab content 5</span> </div></gux-tab-advanced-panel> <gux-tab-advanced-panel tab-id=\\"1-6\\" class=\\"hydrated\\"><!----><div id=\\"gux-1-6-panel\\" role=\\"tabpanel\\" aria-labelledby=\\"gux-1-6-tab\\" tabindex=\\"0\\" hidden=\\"\\" aria-live=\\"assertive\\"> <span>Tab content 6</span> </div></gux-tab-advanced-panel> <gux-tab-advanced-panel tab-id=\\"1-7\\" class=\\"hydrated\\"><!----><div id=\\"gux-1-7-panel\\" role=\\"tabpanel\\" aria-labelledby=\\"gux-1-7-tab\\" tabindex=\\"0\\" hidden=\\"\\" aria-live=\\"assertive\\"> <span>Tab content 7</span> </div></gux-tab-advanced-panel> <gux-tab-advanced-panel tab-id=\\"1-8\\" class=\\"hydrated\\"><!----><div id=\\"gux-1-8-panel\\" role=\\"tabpanel\\" aria-labelledby=\\"gux-1-8-tab\\" tabindex=\\"0\\" hidden=\\"\\" aria-live=\\"assertive\\"> <span>Tab content 8</span> </div></gux-tab-advanced-panel> <gux-tab-advanced-panel tab-id=\\"1-9\\" class=\\"hydrated\\"><!----><div id=\\"gux-1-9-panel\\" role=\\"tabpanel\\" aria-labelledby=\\"gux-1-9-tab\\" tabindex=\\"0\\" hidden=\\"\\" aria-live=\\"assertive\\"> <span>Tab content 9</span> </div></gux-tab-advanced-panel> </gux-tabs-advanced>"`;
