// Jest Snapshot v1, https://goo.gl/fbAQLP

exports[`gux-popover #render should render popover 1`] = `
<gux-popover for="popover-target" id="popover-example" position="top">
  <!---->
  <div class="popover-wrapper">
    <div class="arrow" data-popper-arrow></div>
    <div class="popover-content">
      <div>
        popover content
      </div>
    </div>
  </div>
</gux-popover>
`;
