// Jest Snapshot v1, https://goo.gl/fbAQLP

exports[`gux-modal-legacy #render should render large modal snapshot 1`] = `"<gux-modal-legacy lang="en" size="large" hydrated=""><template shadowrootmode="open"><div class="gux-modal" role="dialog" aria-modal="true" aria-labelledby="gux-i"><div class="gux-modal-container gux-large"><span tabindex="0"></span><h1 class="gux-modal-header" id="gux-i"><slot name="title"></slot></h1><gux-dismiss-button hydrated=""></gux-dismiss-button><div class="gux-modal-content"><p><slot name="content"></slot></p></div><div class="gux-button-footer"><div class="gux-left-align-buttons"><slot name="left-align-buttons"></slot></div><div class="gux-right-align-buttons"><slot name="right-align-buttons"></slot></div></div><span tabindex="0"></span></div></div></template> <div slot="title">Modal Title</div> <div slot="content">This contains the modal content.</div> <div slot="left-align-buttons"> <gux-button hydrated="">Cancel</gux-button> </div> <div slot="right-align-buttons"> <gux-button accent="primary" hydrated="">Accept</gux-button> </div> </gux-modal-legacy>"`;

exports[`gux-modal-legacy #render should render large modal snapshot 2`] = `"<gux-modal-legacy lang="en" size="large" hydrated="" hidden="true"><template shadowrootmode="open"><div class="gux-modal" role="dialog" aria-modal="true" aria-labelledby="gux-i"><div class="gux-modal-container gux-large"><span tabindex="0"></span><h1 class="gux-modal-header" id="gux-i"><slot name="title"></slot></h1><gux-dismiss-button hydrated=""></gux-dismiss-button><div class="gux-modal-content"><p><slot name="content"></slot></p></div><div class="gux-button-footer"><div class="gux-left-align-buttons"><slot name="left-align-buttons"></slot></div><div class="gux-right-align-buttons"><slot name="right-align-buttons"></slot></div></div><span tabindex="0"></span></div></div></template> <div slot="title">Modal Title</div> <div slot="content">This contains the modal content.</div> <div slot="left-align-buttons"> <gux-button hydrated="">Cancel</gux-button> </div> <div slot="right-align-buttons"> <gux-button accent="primary" hydrated="">Accept</gux-button> </div> </gux-modal-legacy>"`;

exports[`gux-modal-legacy #render should render medium modal snapshot 1`] = `"<gux-modal-legacy lang="en" size="medium" hydrated=""><template shadowrootmode="open"><div class="gux-modal" role="dialog" aria-modal="true" aria-labelledby="gux-i"><div class="gux-modal-container gux-medium"><span tabindex="0"></span><h1 class="gux-modal-header" id="gux-i"><slot name="title"></slot></h1><gux-dismiss-button hydrated=""></gux-dismiss-button><div class="gux-modal-content"><p><slot name="content"></slot></p></div><div class="gux-button-footer"><div class="gux-left-align-buttons"><slot name="left-align-buttons"></slot></div><div class="gux-right-align-buttons"><slot name="right-align-buttons"></slot></div></div><span tabindex="0"></span></div></div></template> <div slot="title">Modal Title</div> <div slot="content">This contains the modal content.</div> <div slot="left-align-buttons"> <gux-button hydrated="">Cancel</gux-button> </div> <div slot="right-align-buttons"> <gux-button accent="primary" hydrated="">Accept</gux-button> </div> </gux-modal-legacy>"`;

exports[`gux-modal-legacy #render should render medium modal snapshot 2`] = `"<gux-modal-legacy lang="en" size="medium" hydrated="" hidden="true"><template shadowrootmode="open"><div class="gux-modal" role="dialog" aria-modal="true" aria-labelledby="gux-i"><div class="gux-modal-container gux-medium"><span tabindex="0"></span><h1 class="gux-modal-header" id="gux-i"><slot name="title"></slot></h1><gux-dismiss-button hydrated=""></gux-dismiss-button><div class="gux-modal-content"><p><slot name="content"></slot></p></div><div class="gux-button-footer"><div class="gux-left-align-buttons"><slot name="left-align-buttons"></slot></div><div class="gux-right-align-buttons"><slot name="right-align-buttons"></slot></div></div><span tabindex="0"></span></div></div></template> <div slot="title">Modal Title</div> <div slot="content">This contains the modal content.</div> <div slot="left-align-buttons"> <gux-button hydrated="">Cancel</gux-button> </div> <div slot="right-align-buttons"> <gux-button accent="primary" hydrated="">Accept</gux-button> </div> </gux-modal-legacy>"`;

exports[`gux-modal-legacy #render should render modal with just left align buttons snapshot 1`] = `"<gux-modal-legacy lang="en" size="small" hydrated=""><template shadowrootmode="open"><div class="gux-modal" role="dialog" aria-modal="true" aria-labelledby="gux-i"><div class="gux-modal-container gux-small"><span tabindex="0"></span><h1 class="gux-modal-header" id="gux-i"><slot name="title"></slot></h1><gux-dismiss-button hydrated=""></gux-dismiss-button><div class="gux-modal-content"><p><slot name="content"></slot></p></div><div class="gux-button-footer"><div class="gux-left-align-buttons"><slot name="left-align-buttons"></slot></div><div class="gux-right-align-buttons"><slot name="right-align-buttons"></slot></div></div><span tabindex="0"></span></div></div></template> <div slot="title">Modal Title</div> <div slot="content">This contains the modal content.</div> <div slot="left-align-buttons"> <gux-button hydrated="">Cancel</gux-button> </div> </gux-modal-legacy>"`;

exports[`gux-modal-legacy #render should render modal with just left align buttons snapshot 2`] = `"<gux-modal-legacy lang="en" size="small" hydrated="" hidden="true"><template shadowrootmode="open"><div class="gux-modal" role="dialog" aria-modal="true" aria-labelledby="gux-i"><div class="gux-modal-container gux-small"><span tabindex="0"></span><h1 class="gux-modal-header" id="gux-i"><slot name="title"></slot></h1><gux-dismiss-button hydrated=""></gux-dismiss-button><div class="gux-modal-content"><p><slot name="content"></slot></p></div><div class="gux-button-footer"><div class="gux-left-align-buttons"><slot name="left-align-buttons"></slot></div><div class="gux-right-align-buttons"><slot name="right-align-buttons"></slot></div></div><span tabindex="0"></span></div></div></template> <div slot="title">Modal Title</div> <div slot="content">This contains the modal content.</div> <div slot="left-align-buttons"> <gux-button hydrated="">Cancel</gux-button> </div> </gux-modal-legacy>"`;

exports[`gux-modal-legacy #render should render modal with just right align buttons snapshot 1`] = `"<gux-modal-legacy lang="en" size="small" hydrated=""><template shadowrootmode="open"><div class="gux-modal" role="dialog" aria-modal="true" aria-labelledby="gux-i"><div class="gux-modal-container gux-small"><span tabindex="0"></span><h1 class="gux-modal-header" id="gux-i"><slot name="title"></slot></h1><gux-dismiss-button hydrated=""></gux-dismiss-button><div class="gux-modal-content"><p><slot name="content"></slot></p></div><div class="gux-button-footer"><div class="gux-left-align-buttons"><slot name="left-align-buttons"></slot></div><div class="gux-right-align-buttons"><slot name="right-align-buttons"></slot></div></div><span tabindex="0"></span></div></div></template> <div slot="title">Modal Title</div> <div slot="content">This contains the modal content.</div> <div slot="right-align-buttons"> <gux-button accent="primary" hydrated="">Accept</gux-button> </div> </gux-modal-legacy>"`;

exports[`gux-modal-legacy #render should render modal with just right align buttons snapshot 2`] = `"<gux-modal-legacy lang="en" size="small" hydrated="" hidden="true"><template shadowrootmode="open"><div class="gux-modal" role="dialog" aria-modal="true" aria-labelledby="gux-i"><div class="gux-modal-container gux-small"><span tabindex="0"></span><h1 class="gux-modal-header" id="gux-i"><slot name="title"></slot></h1><gux-dismiss-button hydrated=""></gux-dismiss-button><div class="gux-modal-content"><p><slot name="content"></slot></p></div><div class="gux-button-footer"><div class="gux-left-align-buttons"><slot name="left-align-buttons"></slot></div><div class="gux-right-align-buttons"><slot name="right-align-buttons"></slot></div></div><span tabindex="0"></span></div></div></template> <div slot="title">Modal Title</div> <div slot="content">This contains the modal content.</div> <div slot="right-align-buttons"> <gux-button accent="primary" hydrated="">Accept</gux-button> </div> </gux-modal-legacy>"`;

exports[`gux-modal-legacy #render should render modal without a title snapshot 1`] = `"<gux-modal-legacy lang="en" size="large" hydrated=""><template shadowrootmode="open"><div class="gux-modal" role="dialog" aria-modal="true"><div class="gux-modal-container gux-large"><span tabindex="0"></span><gux-dismiss-button hydrated=""></gux-dismiss-button><div class="gux-modal-content"><p><slot name="content"></slot></p></div><div class="gux-button-footer"><div class="gux-left-align-buttons"><slot name="left-align-buttons"></slot></div><div class="gux-right-align-buttons"><slot name="right-align-buttons"></slot></div></div><span tabindex="0"></span></div></div></template> <div slot="content">This contains the modal content.</div> <div slot="left-align-buttons"> <gux-button hydrated="">Cancel</gux-button> </div> <div slot="right-align-buttons"> <gux-button accent="primary" hydrated="">Accept</gux-button> </div> </gux-modal-legacy>"`;

exports[`gux-modal-legacy #render should render modal without a title snapshot 2`] = `"<gux-modal-legacy lang="en" size="large" hydrated="" hidden="true"><template shadowrootmode="open"><div class="gux-modal" role="dialog" aria-modal="true"><div class="gux-modal-container gux-large"><span tabindex="0"></span><gux-dismiss-button hydrated=""></gux-dismiss-button><div class="gux-modal-content"><p><slot name="content"></slot></p></div><div class="gux-button-footer"><div class="gux-left-align-buttons"><slot name="left-align-buttons"></slot></div><div class="gux-right-align-buttons"><slot name="right-align-buttons"></slot></div></div><span tabindex="0"></span></div></div></template> <div slot="content">This contains the modal content.</div> <div slot="left-align-buttons"> <gux-button hydrated="">Cancel</gux-button> </div> <div slot="right-align-buttons"> <gux-button accent="primary" hydrated="">Accept</gux-button> </div> </gux-modal-legacy>"`;

exports[`gux-modal-legacy #render should render modal without buttons snapshot 1`] = `"<gux-modal-legacy lang="en" size="small" hydrated=""><template shadowrootmode="open"><div class="gux-modal" role="dialog" aria-modal="true" aria-labelledby="gux-i"><div class="gux-modal-container gux-small"><span tabindex="0"></span><h1 class="gux-modal-header" id="gux-i"><slot name="title"></slot></h1><gux-dismiss-button hydrated=""></gux-dismiss-button><div class="gux-modal-content gux-no-buttons"><p><slot name="content"></slot></p></div><span tabindex="0"></span></div></div></template> <div slot="title">Modal Title</div> <div slot="content">This contains the modal content.</div> </gux-modal-legacy>"`;

exports[`gux-modal-legacy #render should render modal without buttons snapshot 2`] = `"<gux-modal-legacy lang="en" size="small" hydrated="" hidden="true"><template shadowrootmode="open"><div class="gux-modal" role="dialog" aria-modal="true" aria-labelledby="gux-i"><div class="gux-modal-container gux-small"><span tabindex="0"></span><h1 class="gux-modal-header" id="gux-i"><slot name="title"></slot></h1><gux-dismiss-button hydrated=""></gux-dismiss-button><div class="gux-modal-content gux-no-buttons"><p><slot name="content"></slot></p></div><span tabindex="0"></span></div></div></template> <div slot="title">Modal Title</div> <div slot="content">This contains the modal content.</div> </gux-modal-legacy>"`;

exports[`gux-modal-legacy #render should render small modal by default snapshot 1`] = `"<gux-modal-legacy lang="en" hydrated=""><template shadowrootmode="open"><div class="gux-modal" role="dialog" aria-modal="true" aria-labelledby="gux-i"><div class="gux-modal-container gux-dynamic"><span tabindex="0"></span><h1 class="gux-modal-header" id="gux-i"><slot name="title"></slot></h1><gux-dismiss-button hydrated=""></gux-dismiss-button><div class="gux-modal-content"><p><slot name="content"></slot></p></div><div class="gux-button-footer"><div class="gux-left-align-buttons"><slot name="left-align-buttons"></slot></div><div class="gux-right-align-buttons"><slot name="right-align-buttons"></slot></div></div><span tabindex="0"></span></div></div></template> <div slot="title">Modal Title</div> <div slot="content">This contains the modal content.</div> <div slot="left-align-buttons"> <gux-button hydrated="">Cancel</gux-button> </div> <div slot="right-align-buttons"> <gux-button accent="primary" hydrated="">Accept</gux-button> </div> </gux-modal-legacy>"`;

exports[`gux-modal-legacy #render should render small modal by default snapshot 2`] = `"<gux-modal-legacy lang="en" hydrated="" hidden="true"><template shadowrootmode="open"><div class="gux-modal" role="dialog" aria-modal="true" aria-labelledby="gux-i"><div class="gux-modal-container gux-dynamic"><span tabindex="0"></span><h1 class="gux-modal-header" id="gux-i"><slot name="title"></slot></h1><gux-dismiss-button hydrated=""></gux-dismiss-button><div class="gux-modal-content"><p><slot name="content"></slot></p></div><div class="gux-button-footer"><div class="gux-left-align-buttons"><slot name="left-align-buttons"></slot></div><div class="gux-right-align-buttons"><slot name="right-align-buttons"></slot></div></div><span tabindex="0"></span></div></div></template> <div slot="title">Modal Title</div> <div slot="content">This contains the modal content.</div> <div slot="left-align-buttons"> <gux-button hydrated="">Cancel</gux-button> </div> <div slot="right-align-buttons"> <gux-button accent="primary" hydrated="">Accept</gux-button> </div> </gux-modal-legacy>"`;

exports[`gux-modal-legacy #render should render small modal snapshot 1`] = `"<gux-modal-legacy lang="en" size="small" hydrated=""><template shadowrootmode="open"><div class="gux-modal" role="dialog" aria-modal="true" aria-labelledby="gux-i"><div class="gux-modal-container gux-small"><span tabindex="0"></span><h1 class="gux-modal-header" id="gux-i"><slot name="title"></slot></h1><gux-dismiss-button hydrated=""></gux-dismiss-button><div class="gux-modal-content"><p><slot name="content"></slot></p></div><div class="gux-button-footer"><div class="gux-left-align-buttons"><slot name="left-align-buttons"></slot></div><div class="gux-right-align-buttons"><slot name="right-align-buttons"></slot></div></div><span tabindex="0"></span></div></div></template> <div slot="title">Modal Title</div> <div slot="content">This contains the modal content.</div> <div slot="left-align-buttons"> <gux-button hydrated="">Cancel</gux-button> </div> <div slot="right-align-buttons"> <gux-button accent="primary" hydrated="">Accept</gux-button> </div> </gux-modal-legacy>"`;

exports[`gux-modal-legacy #render should render small modal snapshot 2`] = `"<gux-modal-legacy lang="en" size="small" hydrated="" hidden="true"><template shadowrootmode="open"><div class="gux-modal" role="dialog" aria-modal="true" aria-labelledby="gux-i"><div class="gux-modal-container gux-small"><span tabindex="0"></span><h1 class="gux-modal-header" id="gux-i"><slot name="title"></slot></h1><gux-dismiss-button hydrated=""></gux-dismiss-button><div class="gux-modal-content"><p><slot name="content"></slot></p></div><div class="gux-button-footer"><div class="gux-left-align-buttons"><slot name="left-align-buttons"></slot></div><div class="gux-right-align-buttons"><slot name="right-align-buttons"></slot></div></div><span tabindex="0"></span></div></div></template> <div slot="title">Modal Title</div> <div slot="content">This contains the modal content.</div> <div slot="left-align-buttons"> <gux-button hydrated="">Cancel</gux-button> </div> <div slot="right-align-buttons"> <gux-button accent="primary" hydrated="">Accept</gux-button> </div> </gux-modal-legacy>"`;
