// Jest Snapshot v1, https://goo.gl/fbAQLP

exports[`gux-popover #render should render popover 1`] = `
<gux-popover for="popover-target" id="popover-example" is-open="" position="top">
  <mock:shadow-root>
    <div aria-expanded="true" class="gux-popover-wrapper" data-placement>
      <div class="gux-arrow">
        <div class="gux-arrow-caret"></div>
      </div>
      <div class="gux-popover-header">
        <slot name="title"></slot>
      </div>
      <div aria-label="Popover content" class="gux-popover-content" tabindex="0">
        <slot></slot>
      </div>
    </div>
  </mock:shadow-root>
  <span slot="title">
    Title
  </span>
  <div>
    popover content
  </div>
</gux-popover>
`;
