// Jest Snapshot v1, https://goo.gl/fbAQLP

exports[`gux-form-field #render input tag should render component type "checkbox" 1`] = `"<!----> <div><gux-input-checkbox class=\\"hydrated\\"><!----><div class=\\"gux-input-checkbox-container\\"><input slot=\\"input\\" type=\\"checkbox\\" value=\\"true\\" id=\\"gux-form-field-i\\"><label slot=\\"label\\" for=\\"gux-form-field-i\\">Test</label></div></gux-input-checkbox><div id=\\"gux-form-field-error-i\\" class=\\"gux-error\\"><gux-error-message-beta class=\\"hydrated\\"></gux-error-message-beta></div></div>"`;

exports[`gux-form-field #render input tag should render component type "checkbox" with an error slot 1`] = `"<!----> <div><gux-input-checkbox class=\\"hydrated gux-input-error\\"><!----><div class=\\"gux-input-checkbox-container\\"><input slot=\\"input\\" type=\\"checkbox\\" value=\\"true\\" id=\\"gux-form-field-i\\" aria-describedby=\\"gux-form-field-error-i\\"><label slot=\\"label\\" for=\\"gux-form-field-i\\">Test</label></div></gux-input-checkbox><div id=\\"gux-form-field-error-i\\" class=\\"gux-error gux-show\\"><gux-error-message-beta class=\\"hydrated\\"><span slot=\\"error\\">Error</span></gux-error-message-beta></div></div>"`;

exports[`gux-form-field #render input tag should render component type "color" 1`] = `"<!----> <div class=\\"gux-label-and-input-and-error-container gux-beside\\"><div class=\\"gux-label-container\\"><label slot=\\"label\\" id=\\"gux-form-field-label-i\\">Test</label></div><div class=\\"gux-input-and-error-container\\"><gux-input-color gux-label-describedby=\\"gux-form-field-label-i\\" gux-error-describedby=\\"gux-form-field-error-i\\" class=\\"hydrated\\"><!----><section><span class=\\"gux-hidden\\" id=\\"gux-input-color-required-i\\">Required</span><button aria-describedby=\\"gux-form-field-label-i  gux-form-field-error-i\\" aria-expanded=\\"false\\" type=\\"button\\" class=\\"gux-input-color-main-element\\"><div class=\\"gux-input-color-selected-color\\" style=\\"background: rgb(0, 0, 0);\\"></div><div class=\\"gux-input-color-color-name\\">#000000</div><gux-icon icon-name=\\"chevron-small-down\\" class=\\"hydrated\\"><div class=\\"gux-icon-container\\"><svg xmlns=\\"http://www.w3.org/2000/svg\\" viewBox=\\"0 0 16 16\\" aria-hidden=\\"true\\"><path d=\\"M7.99994 11.7499C7.80994 11.7499 7.61994 11.6799 7.46994 11.5299L3.21994 7.27994C2.92994 6.98994 2.92994 6.50994 3.21994 6.21994C3.50994 5.92994 3.98994 5.92994 4.27994 6.21994L7.99994 9.93994L11.7199 6.21994C12.0099 5.92994 12.4899 5.92994 12.7799 6.21994C13.0699 6.50994 13.0699 6.98994 12.7799 7.27994L8.52994 11.5299C8.37994 11.6799 8.18994 11.7499 7.99994 11.7499Z\\"></path></svg></div></gux-icon></button><gux-color-select class=\\"gux-input-color-color-select hydrated\\"><!----><div hidden=\\"\\"><input slot=\\"input\\" type=\\"color\\" value=\\"#000000\\"></div><div><div class=\\"gux-input-color-matrix\\"><gux-input-color-option class=\\"hydrated\\"><button type=\\"button\\" value=\\"#203B73\\" title=\\"#203B73\\" style=\\"background-color: rgb(32, 59, 115);\\"></button></gux-input-color-option><gux-input-color-option class=\\"hydrated\\"><button type=\\"button\\" value=\\"#75A8FF\\" title=\\"#75A8FF\\" style=\\"background-color: rgb(117, 168, 255);\\"></button></gux-input-color-option><gux-input-color-option class=\\"hydrated\\"><button type=\\"button\\" value=\\"#8452CF\\" title=\\"#8452CF\\" style=\\"background-color: rgb(132, 82, 207);\\"></button></gux-input-color-option><gux-input-color-option class=\\"hydrated\\"><button type=\\"button\\" value=\\"#1DA8B3\\" title=\\"#1DA8B3\\" style=\\"background-color: rgb(29, 168, 179);\\"></button></gux-input-color-option><gux-input-color-option class=\\"hydrated\\"><button type=\\"button\\" value=\\"#B5B5EB\\" title=\\"#B5B5EB\\" style=\\"background-color: rgb(181, 181, 235);\\"></button></gux-input-color-option><gux-input-color-option class=\\"hydrated\\"><button type=\\"button\\" value=\\"#CC3EBE\\" title=\\"#CC3EBE\\" style=\\"background-color: rgb(204, 62, 190);\\"></button></gux-input-color-option><gux-input-color-option class=\\"hydrated\\"><button type=\\"button\\" value=\\"#5E6782\\" title=\\"#5E6782\\" style=\\"background-color: rgb(94, 103, 130);\\"></button></gux-input-color-option><gux-input-color-option class=\\"hydrated\\"><button type=\\"button\\" value=\\"#FF8FDD\\" title=\\"#FF8FDD\\" style=\\"background-color: rgb(255, 143, 221);\\"></button></gux-input-color-option><gux-input-color-option class=\\"hydrated\\"><button type=\\"button\\" value=\\"#868C1E\\" title=\\"#868C1E\\" style=\\"background-color: rgb(134, 140, 30);\\"></button></gux-input-color-option><gux-input-color-option class=\\"hydrated\\"><button type=\\"button\\" value=\\"#DDD933\\" title=\\"#DDD933\\" style=\\"background-color: rgb(221, 217, 51);\\"></button></gux-input-color-option></div></div></gux-color-select></section></gux-input-color><div id=\\"gux-form-field-error-i\\" class=\\"gux-error\\"><gux-error-message-beta class=\\"hydrated\\"></gux-error-message-beta></div></div></div>"`;

exports[`gux-form-field #render input tag should render component type "color" with an error slot 1`] = `"<!----> <div class=\\"gux-label-and-input-and-error-container gux-beside\\"><div class=\\"gux-label-container\\"><label slot=\\"label\\" id=\\"gux-form-field-label-i\\">Test</label></div><div class=\\"gux-input-and-error-container\\"><gux-input-color gux-label-describedby=\\"gux-form-field-label-i\\" gux-error-describedby=\\"gux-form-field-error-i\\" class=\\"hydrated gux-input-error\\"><!----><section><span class=\\"gux-hidden\\" id=\\"gux-input-color-required-i\\">Required</span><button aria-describedby=\\"gux-form-field-label-i  gux-form-field-error-i\\" aria-expanded=\\"false\\" type=\\"button\\" class=\\"gux-input-color-main-element\\"><div class=\\"gux-input-color-selected-color\\" style=\\"background: rgb(0, 0, 0);\\"></div><div class=\\"gux-input-color-color-name\\">#000000</div><gux-icon icon-name=\\"chevron-small-down\\" class=\\"hydrated\\"><div class=\\"gux-icon-container\\"><svg xmlns=\\"http://www.w3.org/2000/svg\\" viewBox=\\"0 0 16 16\\" aria-hidden=\\"true\\"><path d=\\"M7.99994 11.7499C7.80994 11.7499 7.61994 11.6799 7.46994 11.5299L3.21994 7.27994C2.92994 6.98994 2.92994 6.50994 3.21994 6.21994C3.50994 5.92994 3.98994 5.92994 4.27994 6.21994L7.99994 9.93994L11.7199 6.21994C12.0099 5.92994 12.4899 5.92994 12.7799 6.21994C13.0699 6.50994 13.0699 6.98994 12.7799 7.27994L8.52994 11.5299C8.37994 11.6799 8.18994 11.7499 7.99994 11.7499Z\\"></path></svg></div></gux-icon></button><gux-color-select class=\\"gux-input-color-color-select hydrated\\"><!----><div hidden=\\"\\"><input slot=\\"input\\" type=\\"color\\" value=\\"#000000\\"></div><div><div class=\\"gux-input-color-matrix\\"><gux-input-color-option class=\\"hydrated\\"><button type=\\"button\\" value=\\"#203B73\\" title=\\"#203B73\\" style=\\"background-color: rgb(32, 59, 115);\\"></button></gux-input-color-option><gux-input-color-option class=\\"hydrated\\"><button type=\\"button\\" value=\\"#75A8FF\\" title=\\"#75A8FF\\" style=\\"background-color: rgb(117, 168, 255);\\"></button></gux-input-color-option><gux-input-color-option class=\\"hydrated\\"><button type=\\"button\\" value=\\"#8452CF\\" title=\\"#8452CF\\" style=\\"background-color: rgb(132, 82, 207);\\"></button></gux-input-color-option><gux-input-color-option class=\\"hydrated\\"><button type=\\"button\\" value=\\"#1DA8B3\\" title=\\"#1DA8B3\\" style=\\"background-color: rgb(29, 168, 179);\\"></button></gux-input-color-option><gux-input-color-option class=\\"hydrated\\"><button type=\\"button\\" value=\\"#B5B5EB\\" title=\\"#B5B5EB\\" style=\\"background-color: rgb(181, 181, 235);\\"></button></gux-input-color-option><gux-input-color-option class=\\"hydrated\\"><button type=\\"button\\" value=\\"#CC3EBE\\" title=\\"#CC3EBE\\" style=\\"background-color: rgb(204, 62, 190);\\"></button></gux-input-color-option><gux-input-color-option class=\\"hydrated\\"><button type=\\"button\\" value=\\"#5E6782\\" title=\\"#5E6782\\" style=\\"background-color: rgb(94, 103, 130);\\"></button></gux-input-color-option><gux-input-color-option class=\\"hydrated\\"><button type=\\"button\\" value=\\"#FF8FDD\\" title=\\"#FF8FDD\\" style=\\"background-color: rgb(255, 143, 221);\\"></button></gux-input-color-option><gux-input-color-option class=\\"hydrated\\"><button type=\\"button\\" value=\\"#868C1E\\" title=\\"#868C1E\\" style=\\"background-color: rgb(134, 140, 30);\\"></button></gux-input-color-option><gux-input-color-option class=\\"hydrated\\"><button type=\\"button\\" value=\\"#DDD933\\" title=\\"#DDD933\\" style=\\"background-color: rgb(221, 217, 51);\\"></button></gux-input-color-option></div></div></gux-color-select></section></gux-input-color><div id=\\"gux-form-field-error-i\\" class=\\"gux-error gux-show\\"><gux-error-message-beta class=\\"hydrated\\"><span slot=\\"error\\">Error</span></gux-error-message-beta></div></div></div>"`;

exports[`gux-form-field #render input tag should render component type "email" 1`] = `"<!----> <div class=\\"gux-label-and-input-and-error-container gux-beside\\"><div class=\\"gux-label-container\\"><label slot=\\"label\\" for=\\"gux-form-field-i\\">Test</label></div><div class=\\"gux-input-and-error-container\\"><gux-input-text-like class=\\"hydrated\\" slot=\\"input\\"><!----><div class=\\"gux-input-container\\"><input slot=\\"input\\" type=\\"email\\" value=\\"test@example.com\\" id=\\"gux-form-field-i\\"></div></gux-input-text-like><div id=\\"gux-form-field-error-i\\" class=\\"gux-error\\"><gux-error-message-beta class=\\"hydrated\\"></gux-error-message-beta></div></div></div>"`;

exports[`gux-form-field #render input tag should render component type "email" with an error slot 1`] = `"<!----> <div class=\\"gux-label-and-input-and-error-container gux-beside\\"><div class=\\"gux-label-container\\"><label slot=\\"label\\" for=\\"gux-form-field-i\\">Test</label></div><div class=\\"gux-input-and-error-container\\"><gux-input-text-like class=\\"hydrated gux-input-error\\" slot=\\"input\\"><!----><div class=\\"gux-input-container\\"><input slot=\\"input\\" type=\\"email\\" value=\\"test@example.com\\" id=\\"gux-form-field-i\\" aria-describedby=\\"gux-form-field-error-i\\"></div></gux-input-text-like><div id=\\"gux-form-field-error-i\\" class=\\"gux-error gux-show\\"><gux-error-message-beta class=\\"hydrated\\"><span slot=\\"error\\">Error</span></gux-error-message-beta></div></div></div>"`;

exports[`gux-form-field #render input tag should render component type "number" 1`] = `"<!----> <div class=\\"gux-label-and-input-and-error-container gux-beside\\"><div class=\\"gux-label-container\\"><label slot=\\"label\\" for=\\"gux-form-field-i\\">Test</label></div><div class=\\"gux-input-and-error-container\\"><gux-input-number class=\\"hydrated\\" slot=\\"input\\"><!----><div class=\\"gux-input-number-container\\"><div class=\\"gux-input-container\\"><input slot=\\"input\\" type=\\"number\\" value=\\"2\\" id=\\"gux-form-field-i\\"></div><div class=\\"gux-step-buttons-container\\"><button class=\\"gux-step-button\\" type=\\"button\\" title=\\"Increment\\"><gux-icon icon-name=\\"chevron-small-up\\" class=\\"hydrated\\"><div class=\\"gux-icon-container\\"><svg xmlns=\\"http://www.w3.org/2000/svg\\" viewBox=\\"0 0 16 16\\" aria-hidden=\\"true\\"><path d=\\"M12.2499 9.99994C12.0599 9.99994 11.8699 9.92994 11.7199 9.77994L7.99994 6.05994L4.27994 9.77994C3.98994 10.0699 3.50994 10.0699 3.21994 9.77994C2.92994 9.48994 2.92994 9.00994 3.21994 8.71994L7.46994 4.46994C7.75994 4.17994 8.23994 4.17994 8.52994 4.46994L12.7799 8.71994C13.0699 9.00994 13.0699 9.48994 12.7799 9.77994C12.6299 9.92994 12.4399 9.99994 12.2499 9.99994Z\\"></path></svg></div></gux-icon></button><button class=\\"gux-step-button\\" type=\\"button\\" title=\\"Decrement\\"><gux-icon icon-name=\\"chevron-small-down\\" class=\\"hydrated\\"><div class=\\"gux-icon-container\\"><svg xmlns=\\"http://www.w3.org/2000/svg\\" viewBox=\\"0 0 16 16\\" aria-hidden=\\"true\\"><path d=\\"M7.99994 11.7499C7.80994 11.7499 7.61994 11.6799 7.46994 11.5299L3.21994 7.27994C2.92994 6.98994 2.92994 6.50994 3.21994 6.21994C3.50994 5.92994 3.98994 5.92994 4.27994 6.21994L7.99994 9.93994L11.7199 6.21994C12.0099 5.92994 12.4899 5.92994 12.7799 6.21994C13.0699 6.50994 13.0699 6.98994 12.7799 7.27994L8.52994 11.5299C8.37994 11.6799 8.18994 11.7499 7.99994 11.7499Z\\"></path></svg></div></gux-icon></button></div></div></gux-input-number><div id=\\"gux-form-field-error-i\\" class=\\"gux-error\\"><gux-error-message-beta class=\\"hydrated\\"></gux-error-message-beta></div></div></div>"`;

exports[`gux-form-field #render input tag should render component type "number" with an error slot 1`] = `"<!----> <div class=\\"gux-label-and-input-and-error-container gux-beside\\"><div class=\\"gux-label-container\\"><label slot=\\"label\\" for=\\"gux-form-field-i\\">Test</label></div><div class=\\"gux-input-and-error-container\\"><gux-input-number class=\\"hydrated gux-input-error\\" slot=\\"input\\"><!----><div class=\\"gux-input-number-container\\"><div class=\\"gux-input-container\\"><input slot=\\"input\\" type=\\"number\\" value=\\"2\\" id=\\"gux-form-field-i\\" aria-describedby=\\"gux-form-field-error-i\\"></div><div class=\\"gux-step-buttons-container\\"><button class=\\"gux-step-button\\" type=\\"button\\" title=\\"Increment\\"><gux-icon icon-name=\\"chevron-small-up\\" class=\\"hydrated\\"><div class=\\"gux-icon-container\\"><svg xmlns=\\"http://www.w3.org/2000/svg\\" viewBox=\\"0 0 16 16\\" aria-hidden=\\"true\\"><path d=\\"M12.2499 9.99994C12.0599 9.99994 11.8699 9.92994 11.7199 9.77994L7.99994 6.05994L4.27994 9.77994C3.98994 10.0699 3.50994 10.0699 3.21994 9.77994C2.92994 9.48994 2.92994 9.00994 3.21994 8.71994L7.46994 4.46994C7.75994 4.17994 8.23994 4.17994 8.52994 4.46994L12.7799 8.71994C13.0699 9.00994 13.0699 9.48994 12.7799 9.77994C12.6299 9.92994 12.4399 9.99994 12.2499 9.99994Z\\"></path></svg></div></gux-icon></button><button class=\\"gux-step-button\\" type=\\"button\\" title=\\"Decrement\\"><gux-icon icon-name=\\"chevron-small-down\\" class=\\"hydrated\\"><div class=\\"gux-icon-container\\"><svg xmlns=\\"http://www.w3.org/2000/svg\\" viewBox=\\"0 0 16 16\\" aria-hidden=\\"true\\"><path d=\\"M7.99994 11.7499C7.80994 11.7499 7.61994 11.6799 7.46994 11.5299L3.21994 7.27994C2.92994 6.98994 2.92994 6.50994 3.21994 6.21994C3.50994 5.92994 3.98994 5.92994 4.27994 6.21994L7.99994 9.93994L11.7199 6.21994C12.0099 5.92994 12.4899 5.92994 12.7799 6.21994C13.0699 6.50994 13.0699 6.98994 12.7799 7.27994L8.52994 11.5299C8.37994 11.6799 8.18994 11.7499 7.99994 11.7499Z\\"></path></svg></div></gux-icon></button></div></div></gux-input-number><div id=\\"gux-form-field-error-i\\" class=\\"gux-error gux-show\\"><gux-error-message-beta class=\\"hydrated\\"><span slot=\\"error\\">Error</span></gux-error-message-beta></div></div></div>"`;

exports[`gux-form-field #render input tag should render component type "password" 1`] = `"<!----> <div class=\\"gux-label-and-input-and-error-container gux-beside\\"><div class=\\"gux-label-container\\"><label slot=\\"label\\" for=\\"gux-form-field-i\\">Test</label></div><div class=\\"gux-input-and-error-container\\"><gux-input-text-like class=\\"hydrated\\" slot=\\"input\\"><!----><div class=\\"gux-input-container\\"><input slot=\\"input\\" type=\\"password\\" value=\\"text\\" id=\\"gux-form-field-i\\"></div></gux-input-text-like><div id=\\"gux-form-field-error-i\\" class=\\"gux-error\\"><gux-error-message-beta class=\\"hydrated\\"></gux-error-message-beta></div></div></div>"`;

exports[`gux-form-field #render input tag should render component type "password" with an error slot 1`] = `"<!----> <div class=\\"gux-label-and-input-and-error-container gux-beside\\"><div class=\\"gux-label-container\\"><label slot=\\"label\\" for=\\"gux-form-field-i\\">Test</label></div><div class=\\"gux-input-and-error-container\\"><gux-input-text-like class=\\"hydrated gux-input-error\\" slot=\\"input\\"><!----><div class=\\"gux-input-container\\"><input slot=\\"input\\" type=\\"password\\" value=\\"text\\" id=\\"gux-form-field-i\\" aria-describedby=\\"gux-form-field-error-i\\"></div></gux-input-text-like><div id=\\"gux-form-field-error-i\\" class=\\"gux-error gux-show\\"><gux-error-message-beta class=\\"hydrated\\"><span slot=\\"error\\">Error</span></gux-error-message-beta></div></div></div>"`;

exports[`gux-form-field #render input tag should render component type "radio" 1`] = `"<!----> <gux-input-radio class=\\"hydrated\\"><!----><div class=\\"gux-input-radio-container\\"><input slot=\\"input\\" type=\\"radio\\" value=\\"true\\" id=\\"gux-form-field-i\\"><label slot=\\"label\\" for=\\"gux-form-field-i\\">Test</label></div></gux-input-radio>"`;

exports[`gux-form-field #render input tag should render component type "radio" with an error slot 1`] = `"<!----> <span slot=\\"error\\" hidden=\\"\\">Error</span> <gux-input-radio class=\\"hydrated\\"><!----><div class=\\"gux-input-radio-container\\"><input slot=\\"input\\" type=\\"radio\\" value=\\"true\\" id=\\"gux-form-field-i\\" aria-describedby=\\"gux-form-field-error-i\\"><label slot=\\"label\\" for=\\"gux-form-field-i\\">Test</label></div></gux-input-radio>"`;

exports[`gux-form-field #render input tag should render component type "range" 1`] = `"<!----> <div class=\\"gux-label-and-input-and-error-container gux-beside\\"><div class=\\"gux-label-container\\"><label slot=\\"label\\" for=\\"gux-form-field-i\\">Test</label></div><gux-input-range class=\\"hydrated\\"><!----><div class=\\"gux-container\\"><div class=\\"gux-range\\"><div class=\\"gux-track\\"><div class=\\"gux-progress\\" style=\\"width: 5%;\\"></div></div><input slot=\\"input\\" type=\\"range\\" value=\\"5\\" id=\\"gux-form-field-i\\"><div class=\\"gux-range-tooltip-container gux-hidden\\"><div class=\\"gux-range-tooltip\\" style=\\"left: 4.91172%;\\">5</div></div></div><div class=\\"gux-display\\">5</div></div></gux-input-range></div>"`;

exports[`gux-form-field #render input tag should render component type "range" with an error slot 1`] = `"<!----> <span slot=\\"error\\" hidden=\\"\\">Error</span> <div class=\\"gux-label-and-input-and-error-container gux-beside\\"><div class=\\"gux-label-container\\"><label slot=\\"label\\" for=\\"gux-form-field-i\\">Test</label></div><gux-input-range class=\\"hydrated\\"><!----><div class=\\"gux-container\\"><div class=\\"gux-range\\"><div class=\\"gux-track\\"><div class=\\"gux-progress\\" style=\\"width: 5%;\\"></div></div><input slot=\\"input\\" type=\\"range\\" value=\\"5\\" id=\\"gux-form-field-i\\" aria-describedby=\\"gux-form-field-error-i\\"><div class=\\"gux-range-tooltip-container gux-hidden\\"><div class=\\"gux-range-tooltip\\" style=\\"left: 4.91172%;\\">5</div></div></div><div class=\\"gux-display\\">5</div></div></gux-input-range></div>"`;

exports[`gux-form-field #render input tag should render component type "search" 1`] = `"<!----> <div class=\\"gux-label-and-input-and-error-container gux-beside\\"><div class=\\"gux-label-container\\"><label slot=\\"label\\" for=\\"gux-form-field-i\\">Test</label></div><div class=\\"gux-input-and-error-container\\"><gux-input-search class=\\"hydrated\\"><!----><div class=\\"gux-input-container\\"><gux-icon class=\\"gux-search-icon hydrated\\" icon-name=\\"search\\"><div class=\\"gux-icon-container\\"><svg xmlns=\\"http://www.w3.org/2000/svg\\" viewBox=\\"0 0 16 16\\" aria-hidden=\\"true\\"><path d=\\"M6.63 13.25C2.97 13.25 0 10.28 0 6.63C0 2.98 2.97 0 6.63 0C10.28 0 13.25 2.97 13.25 6.62C13.25 10.27 10.28 13.25 6.63 13.25ZM6.63 1.5C3.8 1.5 1.5 3.8 1.5 6.63C1.5 9.46 3.8 11.75 6.62 11.75C9.44 11.75 11.74 9.45 11.74 6.63C11.74 3.81 9.45 1.5 6.63 1.5Z\\"></path><path d=\\"M15.25 16C15.06 16 14.87 15.93 14.72 15.78L12.02 13.08C11.73 12.79 11.73 12.31 12.02 12.02C12.31 11.73 12.79 11.73 13.08 12.02L15.78 14.72C16.07 15.01 16.07 15.49 15.78 15.78C15.63 15.93 15.44 16 15.25 16Z\\"></path></svg></div></gux-icon><input slot=\\"input\\" type=\\"search\\" value=\\"text\\" id=\\"gux-form-field-i\\"><button class=\\"gux-clear-button\\" type=\\"button\\" title=\\"Clear\\"><gux-icon icon-name=\\"close\\" class=\\"hydrated\\"><div class=\\"gux-icon-container\\"><svg xmlns=\\"http://www.w3.org/2000/svg\\" viewBox=\\"0 0 16 16\\" aria-hidden=\\"true\\"><path d=\\"M9.05994 7.99994L12.7799 4.27994C13.0699 3.98994 13.0699 3.50994 12.7799 3.21994C12.4899 2.92994 12.0099 2.92994 11.7199 3.21994L7.99994 6.93994L4.27994 3.21994C3.98994 2.92994 3.50994 2.92994 3.21994 3.21994C2.92994 3.50994 2.92994 3.98994 3.21994 4.27994L6.93994 7.99994L3.21994 11.7199C2.92994 12.0099 2.92994 12.4899 3.21994 12.7799C3.36994 12.9299 3.55994 12.9999 3.74994 12.9999C3.93994 12.9999 4.12994 12.9299 4.27994 12.7799L7.99994 9.05994L11.7199 12.7799C11.8699 12.9299 12.0599 12.9999 12.2499 12.9999C12.4399 12.9999 12.6299 12.9299 12.7799 12.7799C13.0699 12.4899 13.0699 12.0099 12.7799 11.7199L9.05994 7.99994Z\\"></path></svg></div></gux-icon></button></div></gux-input-search><div id=\\"gux-form-field-error-i\\" class=\\"gux-error\\"><gux-error-message-beta class=\\"hydrated\\"></gux-error-message-beta></div></div></div>"`;

exports[`gux-form-field #render input tag should render component type "search" with an error slot 1`] = `"<!----> <div class=\\"gux-label-and-input-and-error-container gux-beside\\"><div class=\\"gux-label-container\\"><label slot=\\"label\\" for=\\"gux-form-field-i\\">Test</label></div><div class=\\"gux-input-and-error-container\\"><gux-input-search class=\\"hydrated\\"><!----><div class=\\"gux-input-container\\"><gux-icon class=\\"gux-search-icon hydrated\\" icon-name=\\"search\\"><div class=\\"gux-icon-container\\"><svg xmlns=\\"http://www.w3.org/2000/svg\\" viewBox=\\"0 0 16 16\\" aria-hidden=\\"true\\"><path d=\\"M6.63 13.25C2.97 13.25 0 10.28 0 6.63C0 2.98 2.97 0 6.63 0C10.28 0 13.25 2.97 13.25 6.62C13.25 10.27 10.28 13.25 6.63 13.25ZM6.63 1.5C3.8 1.5 1.5 3.8 1.5 6.63C1.5 9.46 3.8 11.75 6.62 11.75C9.44 11.75 11.74 9.45 11.74 6.63C11.74 3.81 9.45 1.5 6.63 1.5Z\\"></path><path d=\\"M15.25 16C15.06 16 14.87 15.93 14.72 15.78L12.02 13.08C11.73 12.79 11.73 12.31 12.02 12.02C12.31 11.73 12.79 11.73 13.08 12.02L15.78 14.72C16.07 15.01 16.07 15.49 15.78 15.78C15.63 15.93 15.44 16 15.25 16Z\\"></path></svg></div></gux-icon><input slot=\\"input\\" type=\\"search\\" value=\\"text\\" id=\\"gux-form-field-i\\" aria-describedby=\\"gux-form-field-error-i\\"><button class=\\"gux-clear-button\\" type=\\"button\\" title=\\"Clear\\"><gux-icon icon-name=\\"close\\" class=\\"hydrated\\"><div class=\\"gux-icon-container\\"><svg xmlns=\\"http://www.w3.org/2000/svg\\" viewBox=\\"0 0 16 16\\" aria-hidden=\\"true\\"><path d=\\"M9.05994 7.99994L12.7799 4.27994C13.0699 3.98994 13.0699 3.50994 12.7799 3.21994C12.4899 2.92994 12.0099 2.92994 11.7199 3.21994L7.99994 6.93994L4.27994 3.21994C3.98994 2.92994 3.50994 2.92994 3.21994 3.21994C2.92994 3.50994 2.92994 3.98994 3.21994 4.27994L6.93994 7.99994L3.21994 11.7199C2.92994 12.0099 2.92994 12.4899 3.21994 12.7799C3.36994 12.9299 3.55994 12.9999 3.74994 12.9999C3.93994 12.9999 4.12994 12.9299 4.27994 12.7799L7.99994 9.05994L11.7199 12.7799C11.8699 12.9299 12.0599 12.9999 12.2499 12.9999C12.4399 12.9999 12.6299 12.9299 12.7799 12.7799C13.0699 12.4899 13.0699 12.0099 12.7799 11.7199L9.05994 7.99994Z\\"></path></svg></div></gux-icon></button></div></gux-input-search><div id=\\"gux-form-field-error-i\\" class=\\"gux-error gux-show\\"><gux-error-message-beta class=\\"hydrated\\"><span slot=\\"error\\">Error</span></gux-error-message-beta></div></div></div>"`;

exports[`gux-form-field #render input tag should render component type "text" 1`] = `"<!----> <div class=\\"gux-label-and-input-and-error-container gux-beside\\"><div class=\\"gux-label-container\\"><label slot=\\"label\\" for=\\"gux-form-field-i\\">Test</label></div><div class=\\"gux-input-and-error-container\\"><gux-input-text-like class=\\"hydrated\\" slot=\\"input\\"><!----><div class=\\"gux-input-container\\"><input slot=\\"input\\" type=\\"text\\" value=\\"text\\" id=\\"gux-form-field-i\\"></div></gux-input-text-like><div id=\\"gux-form-field-error-i\\" class=\\"gux-error\\"><gux-error-message-beta class=\\"hydrated\\"></gux-error-message-beta></div></div></div>"`;

exports[`gux-form-field #render input tag should render component type "text" with an error slot 1`] = `"<!----> <div class=\\"gux-label-and-input-and-error-container gux-beside\\"><div class=\\"gux-label-container\\"><label slot=\\"label\\" for=\\"gux-form-field-i\\">Test</label></div><div class=\\"gux-input-and-error-container\\"><gux-input-text-like class=\\"hydrated gux-input-error\\" slot=\\"input\\"><!----><div class=\\"gux-input-container\\"><input slot=\\"input\\" type=\\"text\\" value=\\"text\\" id=\\"gux-form-field-i\\" aria-describedby=\\"gux-form-field-error-i\\"></div></gux-input-text-like><div id=\\"gux-form-field-error-i\\" class=\\"gux-error gux-show\\"><gux-error-message-beta class=\\"hydrated\\"><span slot=\\"error\\">Error</span></gux-error-message-beta></div></div></div>"`;

exports[`gux-form-field #render input tag should render component type "unknown" 1`] = `"<!----> <div><label slot=\\"label\\" for=\\"gux-form-field-i\\">Test</label><input slot=\\"input\\" type=\\"unknown\\" value=\\"text\\" id=\\"gux-form-field-i\\"></div>"`;

exports[`gux-form-field #render input tag should render component type "unknown" with an error slot 1`] = `"<!----> <div><label slot=\\"label\\" for=\\"gux-form-field-i\\">Test</label><input slot=\\"input\\" type=\\"unknown\\" value=\\"text\\" id=\\"gux-form-field-i\\" aria-describedby=\\"gux-form-field-error-i\\"><span slot=\\"error\\">Error</span></div>"`;

exports[`gux-form-field select tag should render component type "select" 1`] = `"<!----> <div class=\\"gux-label-and-input-and-error-container gux-beside\\"><div class=\\"gux-label-container\\"><label slot=\\"label\\" for=\\"gux-form-field-i\\">Select</label></div><div class=\\"gux-input-and-error-container\\"><gux-input-select slot=\\"input\\" class=\\"hydrated\\"><!----><div class=\\"gux-input-container\\"><select slot=\\"input\\" name=\\"select\\" id=\\"gux-form-field-i\\"> <option value=\\"option1\\">Option 1</option> <option value=\\"option1\\">Option 2</option> <option value=\\"option1\\">Option 3</option> </select><gux-icon class=\\"hydrated\\"><div class=\\"gux-icon-container\\"><svg xmlns=\\"http://www.w3.org/2000/svg\\" viewBox=\\"0 0 16 16\\" aria-hidden=\\"true\\"><path d=\\"M7.99994 11.7499C7.80994 11.7499 7.61994 11.6799 7.46994 11.5299L3.21994 7.27994C2.92994 6.98994 2.92994 6.50994 3.21994 6.21994C3.50994 5.92994 3.98994 5.92994 4.27994 6.21994L7.99994 9.93994L11.7199 6.21994C12.0099 5.92994 12.4899 5.92994 12.7799 6.21994C13.0699 6.50994 13.0699 6.98994 12.7799 7.27994L8.52994 11.5299C8.37994 11.6799 8.18994 11.7499 7.99994 11.7499Z\\"></path></svg></div></gux-icon></div></gux-input-select><div id=\\"gux-form-field-error-i\\" class=\\"gux-error\\"><gux-error-message-beta class=\\"hydrated\\"></gux-error-message-beta></div></div></div>"`;

exports[`gux-form-field select tag should render component type "select" with an error slot 1`] = `"<!----> <div class=\\"gux-label-and-input-and-error-container gux-beside\\"><div class=\\"gux-label-container\\"><label slot=\\"label\\" for=\\"gux-form-field-i\\">Select</label></div><div class=\\"gux-input-and-error-container\\"><gux-input-select slot=\\"input\\" class=\\"hydrated gux-input-error\\"><!----><div class=\\"gux-input-container\\"><select slot=\\"input\\" name=\\"select\\" id=\\"gux-form-field-i\\" aria-describedby=\\"gux-form-field-error-i\\"> <option value=\\"option1\\">Option 1</option> <option value=\\"option1\\">Option 2</option> <option value=\\"option1\\">Option 3</option> </select><gux-icon class=\\"hydrated\\"><div class=\\"gux-icon-container\\"><svg xmlns=\\"http://www.w3.org/2000/svg\\" viewBox=\\"0 0 16 16\\" aria-hidden=\\"true\\"><path d=\\"M7.99994 11.7499C7.80994 11.7499 7.61994 11.6799 7.46994 11.5299L3.21994 7.27994C2.92994 6.98994 2.92994 6.50994 3.21994 6.21994C3.50994 5.92994 3.98994 5.92994 4.27994 6.21994L7.99994 9.93994L11.7199 6.21994C12.0099 5.92994 12.4899 5.92994 12.7799 6.21994C13.0699 6.50994 13.0699 6.98994 12.7799 7.27994L8.52994 11.5299C8.37994 11.6799 8.18994 11.7499 7.99994 11.7499Z\\"></path></svg></div></gux-icon></div></gux-input-select><div id=\\"gux-form-field-error-i\\" class=\\"gux-error gux-show\\"><gux-error-message-beta class=\\"hydrated\\"><span slot=\\"error\\">Error</span></gux-error-message-beta></div></div></div>"`;
