// Jest Snapshot v1, https://goo.gl/fbAQLP

exports[`gux-flyout-menu #render should render as expected 1`] = `"<gux-flyout-menu tabindex=\\"0\\" aria-haspopup=\\"true\\" hydrated=\\"\\"> <span slot=\\"target\\">Example Target Element</span> <gux-menu slot=\\"menu\\" role=\\"menu\\" hydrated=\\"\\"> <gux-menu-option hydrated=\\"\\">Option One</gux-menu-option> <gux-submenu label=\\"Submenu Two\\" hydrated=\\"\\"> <gux-menu-option hydrated=\\"\\">Option One</gux-menu-option> <gux-submenu label=\\"Submenu Two\\" hydrated=\\"\\"> <gux-menu-option hydrated=\\"\\">Option One</gux-menu-option> <gux-menu-option hydrated=\\"\\">Option Two</gux-menu-option> <gux-menu-option hydrated=\\"\\">Option Three</gux-menu-option> </gux-submenu> <gux-menu-option hydrated=\\"\\">Option Three</gux-menu-option> </gux-submenu> <gux-menu-option hydrated=\\"\\">Option Three</gux-menu-option> <gux-menu-option hydrated=\\"\\">Option Four</gux-menu-option> <gux-submenu label=\\"Submenu Five\\" hydrated=\\"\\"> <gux-menu-option hydrated=\\"\\">Option One</gux-menu-option> <gux-menu-option hydrated=\\"\\">Option Two</gux-menu-option> <gux-submenu label=\\"Submenu Three\\" hydrated=\\"\\"> <gux-menu-option hydrated=\\"\\">Option One</gux-menu-option> <gux-submenu label=\\"Submenu Two\\" hydrated=\\"\\"> <gux-menu-option hydrated=\\"\\">Option One</gux-menu-option> <gux-submenu label=\\"Submenu Two\\" hydrated=\\"\\"> <gux-menu-option hydrated=\\"\\">Option One</gux-menu-option> <gux-menu-option hydrated=\\"\\">Option Two</gux-menu-option> <gux-menu-option hydrated=\\"\\">Option Three</gux-menu-option> </gux-submenu> <gux-menu-option hydrated=\\"\\">Option Three</gux-menu-option> </gux-submenu> <gux-menu-option hydrated=\\"\\">Option Three</gux-menu-option> </gux-submenu> </gux-submenu> </gux-menu> </gux-flyout-menu>"`;
