// Jest Snapshot v1, https://goo.gl/fbAQLP

exports[`gux-simple-toast-legacy #render should render alert simple toast 1`] = `"<gux-simple-toast-legacy lang="en" accent="alert" hydrated=""><template shadowrootmode="open"><div class="gux-icon gux-alert"><slot name="icon"></slot></div><gux-truncate class="gux-message" max-lines="2" hydrated=""><slot name="message"></slot></gux-truncate><gux-dismiss-button class="gux-dismiss" hydrated=""></gux-dismiss-button></template> <gux-icon slot="icon" icon-name="user-add" decorative="" size="inherit" hydrated=""></gux-icon> <div slot="message">This is the message</div> </gux-simple-toast-legacy>"`;

exports[`gux-simple-toast-legacy #render should render neutral simple toast 1`] = `"<gux-simple-toast-legacy lang="en" accent="neutral" hydrated=""><template shadowrootmode="open"><div class="gux-icon gux-neutral"><slot name="icon"></slot></div><gux-truncate class="gux-message" max-lines="2" hydrated=""><slot name="message"></slot></gux-truncate><gux-dismiss-button class="gux-dismiss" hydrated=""></gux-dismiss-button></template> <gux-icon slot="icon" icon-name="user-add" decorative="" size="inherit" hydrated=""></gux-icon> <div slot="message">This is the message</div> </gux-simple-toast-legacy>"`;

exports[`gux-simple-toast-legacy #render should render positive simple toast 1`] = `"<gux-simple-toast-legacy lang="en" accent="positive" hydrated=""><template shadowrootmode="open"><div class="gux-icon gux-positive"><slot name="icon"></slot></div><gux-truncate class="gux-message" max-lines="2" hydrated=""><slot name="message"></slot></gux-truncate><gux-dismiss-button class="gux-dismiss" hydrated=""></gux-dismiss-button></template> <gux-icon slot="icon" icon-name="user-add" decorative="" size="inherit" hydrated=""></gux-icon> <div slot="message">This is the message</div> </gux-simple-toast-legacy>"`;

exports[`gux-simple-toast-legacy #render should render warning simple toast 1`] = `"<gux-simple-toast-legacy lang="en" accent="warning" hydrated=""><template shadowrootmode="open"><div class="gux-icon gux-warning"><slot name="icon"></slot></div><gux-truncate class="gux-message" max-lines="2" hydrated=""><slot name="message"></slot></gux-truncate><gux-dismiss-button class="gux-dismiss" hydrated=""></gux-dismiss-button></template> <gux-icon slot="icon" icon-name="user-add" decorative="" size="inherit" hydrated=""></gux-icon> <div slot="message">This is the message</div> </gux-simple-toast-legacy>"`;
