// Jest Snapshot v1, https://goo.gl/fbAQLP

exports[`gux-breadcrumbs should display component as expected (1) 1`] = `"<gux-breadcrumbs lang=\\"en\\" hydrated=\\"\\"><!----><nav aria-label=\\"Breadcrumbs\\" class=\\"gux-breadcrumbs-container\\"></nav></gux-breadcrumbs>"`;

exports[`gux-breadcrumbs should display component as expected (2) 1`] = `"<gux-breadcrumbs lang=\\"en\\" hydrated=\\"\\"><!----><nav aria-label=\\"Breadcrumbs\\" class=\\"gux-breadcrumbs-container\\"> <gux-breadcrumb-item hydrated=\\"\\"><!----><span class=\\"gux-breadcrumb-generation gux-primary\\"><span class=\\"gux-breadcrumb-content\\">Category</span><span class=\\"gux-breadcrumb-separator\\" aria-hidden=\\"true\\">/</span></span></gux-breadcrumb-item> <gux-breadcrumb-item href=\\"#\\" hydrated=\\"\\"><!----><span class=\\"gux-breadcrumb-generation gux-primary\\"><a class=\\"gux-breadcrumb-content gux-link\\" href=\\"#\\">Parent</a><span class=\\"gux-breadcrumb-separator\\" aria-hidden=\\"true\\">/</span></span></gux-breadcrumb-item> <gux-breadcrumb-item hydrated=\\"\\"><!----><span class=\\"gux-breadcrumb-generation gux-primary\\"><span class=\\"gux-breadcrumb-content\\">Current</span></span></gux-breadcrumb-item> </nav></gux-breadcrumbs>"`;

exports[`gux-breadcrumbs should display component as expected (3) 1`] = `"<gux-breadcrumbs lang=\\"en\\" hydrated=\\"\\"><!----><nav aria-label=\\"Breadcrumbs\\" class=\\"gux-breadcrumbs-container\\"> <gux-breadcrumb-item hydrated=\\"\\"><!----><span class=\\"gux-breadcrumb-generation gux-primary\\"><span class=\\"gux-breadcrumb-content\\">Category</span><span class=\\"gux-breadcrumb-separator\\" aria-hidden=\\"true\\">/</span></span></gux-breadcrumb-item> <gux-breadcrumb-item href=\\"#\\" hydrated=\\"\\"><!----><span class=\\"gux-breadcrumb-generation gux-primary\\"><a class=\\"gux-breadcrumb-content gux-link\\" href=\\"#\\">Parent</a><span class=\\"gux-breadcrumb-separator\\" aria-hidden=\\"true\\">/</span></span></gux-breadcrumb-item> <gux-breadcrumb-item href=\\"#\\" hydrated=\\"\\"><!----><span class=\\"gux-breadcrumb-generation gux-primary\\"><span class=\\"gux-breadcrumb-content\\">Current</span></span></gux-breadcrumb-item> </nav></gux-breadcrumbs>"`;

exports[`gux-breadcrumbs should display component as expected (4) 1`] = `"<gux-breadcrumbs lang=\\"en\\" accent=\\"primary\\" hydrated=\\"\\"><!----><nav aria-label=\\"Breadcrumbs\\" class=\\"gux-breadcrumbs-container\\"> <gux-breadcrumb-item hydrated=\\"\\"><!----><span class=\\"gux-breadcrumb-generation gux-primary\\"><span class=\\"gux-breadcrumb-content\\">Category</span><span class=\\"gux-breadcrumb-separator\\" aria-hidden=\\"true\\">/</span></span></gux-breadcrumb-item> <gux-breadcrumb-item href=\\"#\\" hydrated=\\"\\"><!----><span class=\\"gux-breadcrumb-generation gux-primary\\"><a class=\\"gux-breadcrumb-content gux-link\\" href=\\"#\\">Parent</a><span class=\\"gux-breadcrumb-separator\\" aria-hidden=\\"true\\">/</span></span></gux-breadcrumb-item> <gux-breadcrumb-item hydrated=\\"\\"><!----><span class=\\"gux-breadcrumb-generation gux-primary\\"><span class=\\"gux-breadcrumb-content\\">Current</span></span></gux-breadcrumb-item> </nav></gux-breadcrumbs>"`;

exports[`gux-breadcrumbs should display component as expected (5) 1`] = `"<gux-breadcrumbs lang=\\"en\\" accent=\\"secondary\\" hydrated=\\"\\"><!----><nav aria-label=\\"Breadcrumbs\\" class=\\"gux-breadcrumbs-container\\"> <gux-breadcrumb-item hydrated=\\"\\"><!----><span class=\\"gux-breadcrumb-generation gux-secondary\\"><span class=\\"gux-breadcrumb-content\\">Category</span><gux-icon class=\\"gux-breadcrumb-separator\\" icon-name=\\"chevron-small-right\\" hydrated=\\"\\"></gux-icon></span></gux-breadcrumb-item> <gux-breadcrumb-item href=\\"#\\" hydrated=\\"\\"><!----><span class=\\"gux-breadcrumb-generation gux-secondary\\"><a class=\\"gux-breadcrumb-content gux-link\\" href=\\"#\\">Parent</a><gux-icon class=\\"gux-breadcrumb-separator\\" icon-name=\\"chevron-small-right\\" hydrated=\\"\\"></gux-icon></span></gux-breadcrumb-item> <gux-breadcrumb-item hydrated=\\"\\"><!----><span class=\\"gux-breadcrumb-generation gux-secondary\\"><span class=\\"gux-breadcrumb-content\\">Current</span></span></gux-breadcrumb-item> </nav></gux-breadcrumbs>"`;

exports[`gux-breadcrumbs should display component as expected (6) 1`] = `"<gux-breadcrumbs lang=\\"en\\" accent=\\"invalid\\" hydrated=\\"\\"><!----><nav aria-label=\\"Breadcrumbs\\" class=\\"gux-breadcrumbs-container\\"> <gux-breadcrumb-item hydrated=\\"\\"><!----><span class=\\"gux-breadcrumb-generation gux-invalid\\"><span class=\\"gux-breadcrumb-content\\">Category</span><span class=\\"gux-breadcrumb-separator\\" aria-hidden=\\"true\\">/</span></span></gux-breadcrumb-item> <gux-breadcrumb-item href=\\"#\\" hydrated=\\"\\"><!----><span class=\\"gux-breadcrumb-generation gux-invalid\\"><a class=\\"gux-breadcrumb-content gux-link\\" href=\\"#\\">Parent</a><span class=\\"gux-breadcrumb-separator\\" aria-hidden=\\"true\\">/</span></span></gux-breadcrumb-item> <gux-breadcrumb-item hydrated=\\"\\"><!----><span class=\\"gux-breadcrumb-generation gux-invalid\\"><span class=\\"gux-breadcrumb-content\\">Current</span></span></gux-breadcrumb-item> </nav></gux-breadcrumbs>"`;
