// Jest Snapshot v1, https://goo.gl/fbAQLP

exports[`gux-page-loading-spinner should render as expected 1`] = `
<gux-page-loading-spinner>
  <template shadowrootmode="open">
    <gux-radial-loading class="gux-spinner" context="full-page"></gux-radial-loading>
  </template>
</gux-page-loading-spinner>
`;
