// Jest Snapshot v1, https://goo.gl/fbAQLP

exports[`gux-truncate #render should render component as expected (1) 1`] = `"<gux-truncate hydrated=""><template shadowrootmode="open"><div aria-describedby="gux-tooltip-i"><span class="gux-truncate-slot-container gux-overflow-hidden"><slot></slot></span><gux-tooltip aria-hidden="true" id="gux-tooltip-i" role="tooltip" hydrated=""><div slot="content">Some text to truncate</div></gux-tooltip></div></template>Some text to truncate</gux-truncate>"`;

exports[`gux-truncate #render should render component as expected (2) 1`] = `"<gux-truncate hydrated=""><template shadowrootmode="open"><div aria-describedby="gux-tooltip-i"><span class="gux-truncate-slot-container gux-overflow-hidden"><slot></slot></span><gux-tooltip aria-hidden="true" id="gux-tooltip-i" role="tooltip" hydrated=""><div slot="content">Some text to truncate in a span</div></gux-tooltip></div></template><span>Some text to truncate in a span</span></gux-truncate>"`;

exports[`gux-truncate #render should render component as expected (3) 1`] = `"<gux-truncate hydrated=""><template shadowrootmode="open"><div aria-describedby="gux-tooltip-i"><span class="gux-truncate-slot-container gux-overflow-hidden"><slot></slot></span><gux-tooltip aria-hidden="true" id="gux-tooltip-i" role="tooltip" hydrated=""><div slot="content">Div with a span inside</div></gux-tooltip></div></template><div>Div <span>with a span</span> inside</div></gux-truncate>"`;

exports[`gux-truncate #render should render component as expected (4) 1`] = `"<gux-truncate max-lines="3" hydrated=""><template shadowrootmode="open"><div class="gux-truncate-multi-line" aria-describedby="gux-tooltip-i"><span class="gux-truncate-slot-container gux-overflow-hidden" style="-webkit-line-clamp: 3;"><slot></slot></span><gux-tooltip aria-hidden="true" id="gux-tooltip-i" role="tooltip" hydrated=""><div slot="content">This is a long text that should be truncated after three lines of wrapped text</div></gux-tooltip></div></template>This is a long text that should be truncated after three lines of wrapped text</gux-truncate>"`;
