// Jest Snapshot v1, https://goo.gl/fbAQLP

exports[`gux-table-toolbar-custom-action #render should render a toolbar-custom-action 1`] = `"<gux-table-toolbar-custom-action hydrated=""><template shadowrootmode="open"><gux-button-slot accent="secondary" hydrated=""><button type="button" class="gux-action-title"><slot name="icon"></slot><span><slot name="text"></slot></span></button></gux-button-slot></template><span slot="text">Filter</span><gux-icon slot="icon" icon-name="filter" decorative="" size="inherit" hydrated=""></gux-icon></gux-table-toolbar-custom-action>"`;

exports[`gux-table-toolbar-custom-action #render should render disabled toolbar-custom-action 1`] = `"<gux-table-toolbar-custom-action disabled="" hydrated=""><template shadowrootmode="open"><gux-button-slot accent="secondary" hydrated=""><button disabled="" type="button" class="gux-action-title"><slot name="icon"></slot><span><slot name="text"></slot></span></button></gux-button-slot></template><span slot="text">Filter</span><gux-icon slot="icon" icon-name="filter" decorative="" size="inherit" hydrated=""></gux-icon></gux-table-toolbar-custom-action>"`;
