// Jest Snapshot v1, https://goo.gl/fbAQLP

exports[`gux-truncate #render should render component as expected (1) 1`] = `"<gux-truncate-beta hydrated=\\"\\"><!----><div aria-describedby=\\"gux-tooltip-i\\"><span class=\\"gux-truncate-slot-container\\">Some text to truncate</span><gux-tooltip aria-hidden=\\"true\\" data-popper-escaped data-popper-placement=\\"bottom-start\\" id=\\"gux-tooltip-i\\" role=\\"tooltip\\" hydrated=\\"\\" style=\\"position: fixed; inset: 0px auto auto 0px; margin: 0px; transform: translate(8px, 44px);\\">Some text to truncate</gux-tooltip></div></gux-truncate-beta>"`;

exports[`gux-truncate #render should render component as expected (2) 1`] = `"<gux-truncate-beta hydrated=\\"\\"><!----><div aria-describedby=\\"gux-tooltip-i\\"><span class=\\"gux-truncate-slot-container\\"><span>Some text to truncate in a span</span></span><gux-tooltip aria-hidden=\\"true\\" data-popper-escaped data-popper-placement=\\"bottom-start\\" id=\\"gux-tooltip-i\\" role=\\"tooltip\\" hydrated=\\"\\" style=\\"position: fixed; inset: 0px auto auto 0px; margin: 0px; transform: translate(8px, 44px);\\">Some text to truncate in a span</gux-tooltip></div></gux-truncate-beta>"`;

exports[`gux-truncate #render should render component as expected (3) 1`] = `"<gux-truncate-beta hydrated=\\"\\"><!----><div aria-describedby=\\"gux-tooltip-i\\"><span class=\\"gux-truncate-slot-container\\"><div>Div <span>with a span</span> inside</div></span><gux-tooltip aria-hidden=\\"true\\" data-popper-escaped data-popper-placement=\\"bottom-start\\" id=\\"gux-tooltip-i\\" role=\\"tooltip\\" hydrated=\\"\\" style=\\"position: fixed; inset: 0px auto auto 0px; margin: 0px; transform: translate(8px, 44px);\\">Div with a span inside</gux-tooltip></div></gux-truncate-beta>"`;

exports[`gux-truncate #render should render component as expected (4) 1`] = `"<gux-truncate-beta max-lines=\\"3\\" hydrated=\\"\\"><!----><div class=\\"gux-truncate-multi-line\\" aria-describedby=\\"gux-tooltip-i\\"><span class=\\"gux-truncate-slot-container\\" style=\\"-webkit-line-clamp: 3;\\">This is a long text that should be truncated after three lines of wrapped text</span><gux-tooltip aria-hidden=\\"true\\" data-popper-escaped data-popper-placement=\\"bottom-start\\" id=\\"gux-tooltip-i\\" role=\\"tooltip\\" hydrated=\\"\\" style=\\"position: fixed; inset: 0px auto auto 0px; margin: 0px; transform: translate(8px, 84px);\\">This is a long text that should be truncated after three lines of wrapped text</gux-tooltip></div></gux-truncate-beta>"`;
