// Jest Snapshot v1, https://goo.gl/fbAQLP

exports[`gux-screen-reader-beta #render should render component as expected 1`] = `
<gux-screen-reader-beta>
  <template shadowrootmode="open">
    <span class="gux-sr-only">
      <slot></slot>
    </span>
  </template>
  This is content
</gux-screen-reader-beta>
`;
