// Jest Snapshot v1, https://goo.gl/fbAQLP

exports[`gux-sort-control #render Not sorted 1`] = `"<button class=\\"gux-sort\\" type=\\"button\\"><span class=\\"gux-sr-only\\">Column Header 1 . The table is not currently sorted by this column. Click the column header to sort the table by this column in ascending order</span></button><gux-icon icon-name=\\"arrow-solid-down\\" hydrated=\\"\\"></gux-icon>"`;

exports[`gux-sort-control #render Sorted ascending 1`] = `"<button class=\\"gux-sort gux-active\\" type=\\"button\\"><span class=\\"gux-sr-only\\">Column Header 1 . The table is currently sorted by this column in ascending order. Click the column header to sort the table by this column in descending order</span></button><gux-icon class=\\"gux-active\\" icon-name=\\"arrow-solid-down\\" hydrated=\\"\\"></gux-icon>"`;

exports[`gux-sort-control #render Sorted descending 1`] = `"<button class=\\"gux-sort gux-active\\" type=\\"button\\"><span class=\\"gux-sr-only\\">Column Header 1 . The table is currently sorted by this column in descending order. Click the column header to sort the table by this column in ascending order</span></button><gux-icon class=\\"gux-active\\" icon-name=\\"arrow-solid-up\\" hydrated=\\"\\"></gux-icon>"`;

exports[`gux-sort-control #render Sorted descending, unsorted allowed 1`] = `"<button class=\\"gux-sort gux-active\\" type=\\"button\\"><span class=\\"gux-sr-only\\">Column Header 1 . The table is currently sorted by this column in descending order. Click the column header to not sort the table by this column</span></button><gux-icon class=\\"gux-active\\" icon-name=\\"arrow-solid-up\\" hydrated=\\"\\"></gux-icon>"`;
