// Jest Snapshot v1, https://goo.gl/fbAQLP

exports[`gux-form-fieldset-heading #render should render the gux-form-fieldset component as expected (1) 1`] = `"<gux-form-fieldset-heading hydrated=""><h2 slot="heading">Form Fieldset Header</h2></gux-form-fieldset-heading>"`;

exports[`gux-form-fieldset-heading #render should render the gux-form-fieldset component as expected (2) 1`] = `"<gux-form-fieldset-heading hydrated=""><h3 slot="heading">Form Fieldset Header</h3></gux-form-fieldset-heading>"`;
