// Jest Snapshot v1, https://goo.gl/fbAQLP

exports[`gux-page-loading-spinner should render as expected 1`] = `
<gux-page-loading-spinner>
  <mock:shadow-root>
    <gux-radial-loading class="gux-spinner" context="full-page"></gux-radial-loading>
  </mock:shadow-root>
</gux-page-loading-spinner>
`;
