// Jest Snapshot v1, https://goo.gl/fbAQLP

exports[`gux-pagination-advanced-beta should render 1`] = `
<gux-pagination-advanced-beta>
  <mock:shadow-root>
    <div class="gux-pagination-container">
      <div class="gux-pagination-info">
        <gux-pagination-item-counts-beta current-page="0" items-per-page="25" total-items="0"></gux-pagination-item-counts-beta>
        <gux-pagination-items-per-page-beta items-per-page="25"></gux-pagination-items-per-page-beta>
      </div>
      <div class="gux-pagination-change">
        <gux-pagination-buttons-beta current-page="0" layout="advanced" total-pages="0"></gux-pagination-buttons-beta>
      </div>
    </div>
  </mock:shadow-root>
  total-items=123 current-page=1 items-per-page=25 pages-unknown=false total-pages=4
</gux-pagination-advanced-beta>
`;
